Archive member included because of file (symbol)

c:/program files (x86)/atmel/atmel toolchain/arm gcc/native/4.8.1443/arm-gnu-toolchain/bin/../lib/gcc/arm-none-eabi/4.8.4/armv7-m\libgcc.a(_arm_addsubdf3.o)
                              src/TaskModulate.o (__aeabi_dsub)
c:/program files (x86)/atmel/atmel toolchain/arm gcc/native/4.8.1443/arm-gnu-toolchain/bin/../lib/gcc/arm-none-eabi/4.8.4/armv7-m\libgcc.a(_arm_muldivdf3.o)
                              src/TaskModulate.o (__aeabi_dmul)
c:/program files (x86)/atmel/atmel toolchain/arm gcc/native/4.8.1443/arm-gnu-toolchain/bin/../lib/gcc/arm-none-eabi/4.8.4/armv7-m\libgcc.a(_arm_fixdfsi.o)
                              src/TaskModulate.o (__aeabi_d2iz)
c:/program files (x86)/atmel/atmel toolchain/arm gcc/native/4.8.1443/arm-gnu-toolchain/bin/../lib/gcc/arm-none-eabi/4.8.4/../../../../arm-none-eabi/lib/armv7-m\libc.a(lib_a-exit.o)
                              c:/program files (x86)/atmel/atmel toolchain/arm gcc/native/4.8.1443/arm-gnu-toolchain/bin/../lib/gcc/arm-none-eabi/4.8.4/../../../../arm-none-eabi/lib/armv7-m/crt0.o (exit)
c:/program files (x86)/atmel/atmel toolchain/arm gcc/native/4.8.1443/arm-gnu-toolchain/bin/../lib/gcc/arm-none-eabi/4.8.4/../../../../arm-none-eabi/lib/armv7-m\libc.a(lib_a-impure.o)
                              c:/program files (x86)/atmel/atmel toolchain/arm gcc/native/4.8.1443/arm-gnu-toolchain/bin/../lib/gcc/arm-none-eabi/4.8.4/../../../../arm-none-eabi/lib/armv7-m\libc.a(lib_a-exit.o) (_global_impure_ptr)
c:/program files (x86)/atmel/atmel toolchain/arm gcc/native/4.8.1443/arm-gnu-toolchain/bin/../lib/gcc/arm-none-eabi/4.8.4/../../../../arm-none-eabi/lib/armv7-m\libc.a(lib_a-init.o)
                              c:/program files (x86)/atmel/atmel toolchain/arm gcc/native/4.8.1443/arm-gnu-toolchain/bin/../lib/gcc/arm-none-eabi/4.8.4/../../../../arm-none-eabi/lib/armv7-m/crt0.o (__libc_init_array)
c:/program files (x86)/atmel/atmel toolchain/arm gcc/native/4.8.1443/arm-gnu-toolchain/bin/../lib/gcc/arm-none-eabi/4.8.4/../../../../arm-none-eabi/lib/armv7-m\libc.a(lib_a-iprintf.o)
                              src/ASF/sam/drivers/adc/adc.o (iprintf)
c:/program files (x86)/atmel/atmel toolchain/arm gcc/native/4.8.1443/arm-gnu-toolchain/bin/../lib/gcc/arm-none-eabi/4.8.4/../../../../arm-none-eabi/lib/armv7-m\libc.a(lib_a-memcpy.o)
                              src/ASF/thirdparty/freertos/freertos-7.3.0/source/queue.o (memcpy)
c:/program files (x86)/atmel/atmel toolchain/arm gcc/native/4.8.1443/arm-gnu-toolchain/bin/../lib/gcc/arm-none-eabi/4.8.4/../../../../arm-none-eabi/lib/armv7-m\libc.a(lib_a-memset.o)
                              c:/program files (x86)/atmel/atmel toolchain/arm gcc/native/4.8.1443/arm-gnu-toolchain/bin/../lib/gcc/arm-none-eabi/4.8.4/../../../../arm-none-eabi/lib/armv7-m/crt0.o (memset)
c:/program files (x86)/atmel/atmel toolchain/arm gcc/native/4.8.1443/arm-gnu-toolchain/bin/../lib/gcc/arm-none-eabi/4.8.4/../../../../arm-none-eabi/lib/armv7-m\libc.a(lib_a-puts.o)
                              src/ASF/sam/drivers/adc/adc.o (puts)
c:/program files (x86)/atmel/atmel toolchain/arm gcc/native/4.8.1443/arm-gnu-toolchain/bin/../lib/gcc/arm-none-eabi/4.8.4/../../../../arm-none-eabi/lib/armv7-m\libc.a(lib_a-setbuf.o)
                              src/SerialUART.o (setbuf)
c:/program files (x86)/atmel/atmel toolchain/arm gcc/native/4.8.1443/arm-gnu-toolchain/bin/../lib/gcc/arm-none-eabi/4.8.4/../../../../arm-none-eabi/lib/armv7-m\libc.a(lib_a-setvbuf.o)
                              c:/program files (x86)/atmel/atmel toolchain/arm gcc/native/4.8.1443/arm-gnu-toolchain/bin/../lib/gcc/arm-none-eabi/4.8.4/../../../../arm-none-eabi/lib/armv7-m\libc.a(lib_a-setbuf.o) (setvbuf)
c:/program files (x86)/atmel/atmel toolchain/arm gcc/native/4.8.1443/arm-gnu-toolchain/bin/../lib/gcc/arm-none-eabi/4.8.4/../../../../arm-none-eabi/lib/armv7-m\libc.a(lib_a-sprintf.o)
                              src/ASF/thirdparty/freertos/freertos-7.3.0/source/tasks.o (sprintf)
c:/program files (x86)/atmel/atmel toolchain/arm gcc/native/4.8.1443/arm-gnu-toolchain/bin/../lib/gcc/arm-none-eabi/4.8.4/../../../../arm-none-eabi/lib/armv7-m\libc.a(lib_a-strcat.o)
                              src/ASF/thirdparty/freertos/freertos-7.3.0/source/tasks.o (strcat)
c:/program files (x86)/atmel/atmel toolchain/arm gcc/native/4.8.1443/arm-gnu-toolchain/bin/../lib/gcc/arm-none-eabi/4.8.4/../../../../arm-none-eabi/lib/armv7-m\libc.a(lib_a-strcpy.o)
                              c:/program files (x86)/atmel/atmel toolchain/arm gcc/native/4.8.1443/arm-gnu-toolchain/bin/../lib/gcc/arm-none-eabi/4.8.4/../../../../arm-none-eabi/lib/armv7-m\libc.a(lib_a-strcat.o) (strcpy)
c:/program files (x86)/atmel/atmel toolchain/arm gcc/native/4.8.1443/arm-gnu-toolchain/bin/../lib/gcc/arm-none-eabi/4.8.4/../../../../arm-none-eabi/lib/armv7-m\libc.a(lib_a-strlen.o)
                              src/ASF/thirdparty/freertos/freertos-7.3.0/source/FreeRTOS_CLI.o (strlen)
[...]
Memory Configuration

Name             Origin             Length             Attributes
rom              0x00080000         0x00080000         xr
sram0            0x20000000         0x00010000         xrw
sram1            0x20080000         0x00008000         xrw
ram              0x20070000         0x00018000         xrw
*default*        0x00000000         0xffffffff

Linker script and memory map

LOAD c:/program files (x86)/atmel/atmel toolchain/arm gcc/native/4.8.1443/arm-gnu-toolchain/bin/../lib/gcc/arm-none-eabi/4.8.4/armv7-m/crti.o
LOAD c:/program files (x86)/atmel/atmel toolchain/arm gcc/native/4.8.1443/arm-gnu-toolchain/bin/../lib/gcc/arm-none-eabi/4.8.4/armv7-m/crtbegin.o
LOAD c:/program files (x86)/atmel/atmel toolchain/arm gcc/native/4.8.1443/arm-gnu-toolchain/bin/../lib/gcc/arm-none-eabi/4.8.4/../../../../arm-none-eabi/lib/armv7-m/crt0.o
LOAD src/FuncADC.o
LOAD src/ASF/common/utils/stdio/read.o
LOAD src/ASF/sam/drivers/adc/adc.o
LOAD src/ASF/thirdparty/freertos/freertos-7.3.0/source/FreeRTOS_CLI.o
LOAD src/SerialUART.o
LOAD src/FuncPWM.o
LOAD src/TaskModulate.o
LOAD src/TaskSendToMatlab.o
LOAD src/ASF/thirdparty/freertos/freertos-7.3.0/source/list.o
LOAD src/ASF/thirdparty/freertos/freertos-7.3.0/source/portable/gcc/sam/port.o
LOAD src/ASF/thirdparty/freertos/freertos-7.3.0/source/portable/memmang/heap_4.o
LOAD src/ASF/thirdparty/freertos/freertos-7.3.0/source/queue.o
LOAD src/ASF/thirdparty/freertos/freertos-7.3.0/source/tasks.o
LOAD src/ASF/thirdparty/freertos/freertos-7.3.0/source/timers.o
LOAD src/ASF/sam/drivers/adc/adc_sam3u.o
LOAD src/ASF/common/utils/stdio/write.o
LOAD src/ASF/common/services/serial/usart_serial.o
LOAD src/ASF/sam/drivers/pwm/pwm.o
LOAD src/ASF/sam/drivers/tc/tc.o
LOAD src/ASF/sam/drivers/uart/uart.o
LOAD src/ASF/sam/drivers/usart/usart.o
LOAD src/ASF/common/services/clock/sam3x/sysclk.o
LOAD src/ASF/common/utils/interrupt/interrupt_sam_nvic.o
LOAD src/ASF/sam/boards/arduino_due_x/init.o
LOAD src/ASF/sam/drivers/pio/pio.o
LOAD src/ASF/sam/drivers/pio/pio_handler.o
LOAD src/ASF/sam/drivers/pmc/pmc.o
LOAD src/ASF/sam/drivers/pmc/sleep.o
LOAD src/ASF/sam/utils/cmsis/sam3x/source/templates/exceptions.o
LOAD src/ASF/sam/utils/cmsis/sam3x/source/templates/gcc/startup_sam3x.o
LOAD src/ASF/sam/utils/cmsis/sam3x/source/templates/system_sam3x.o
LOAD src/ASF/sam/utils/syscalls/gcc/syscalls.o
LOAD src/main.o
START GROUP
LOAD ../src/ASF/thirdparty/CMSIS/Lib/GCC\libarm_cortexM3l_math.a
LOAD c:/program files (x86)/atmel/atmel toolchain/arm gcc/native/4.8.1443/arm-gnu-toolchain/bin/../lib/gcc/arm-none-eabi/4.8.4/../../../../arm-none-eabi/lib/armv7-m\libm.a
END GROUP
START GROUP
LOAD c:/program files (x86)/atmel/atmel toolchain/arm gcc/native/4.8.1443/arm-gnu-toolchain/bin/../lib/gcc/arm-none-eabi/4.8.4/armv7-m\libgcc.a
LOAD c:/program files (x86)/atmel/atmel toolchain/arm gcc/native/4.8.1443/arm-gnu-toolchain/bin/../lib/gcc/arm-none-eabi/4.8.4/../../../../arm-none-eabi/lib/armv7-m\libc.a
END GROUP
LOAD c:/program files (x86)/atmel/atmel toolchain/arm gcc/native/4.8.1443/arm-gnu-toolchain/bin/../lib/gcc/arm-none-eabi/4.8.4/armv7-m/crtend.o
LOAD c:/program files (x86)/atmel/atmel toolchain/arm gcc/native/4.8.1443/arm-gnu-toolchain/bin/../lib/gcc/arm-none-eabi/4.8.4/armv7-m/crtn.o
                0x00002000                __stack_size__ = DEFINED (__stack_size__)?__stack_size__:0x2000
                0x20087ffc                __ram_end__ = ((ORIGIN (ram) + 0x18000) - 0x4)

.text           0x00080000     0x62f0
                0x00080000                . = ALIGN (0x4)
                0x00080000                _sfixed = .
 *(.vectors .vectors.*)
 .vectors       0x00080000       0xf4 src/ASF/sam/utils/cmsis/sam3x/source/templates/gcc/startup_sam3x.o
                0x00080000                exception_table
 *(.text .text.* .gnu.linkonce.t.*)
 .text          0x000800f4       0x54 c:/program files (x86)/atmel/atmel toolchain/arm gcc/native/4.8.1443/arm-gnu-toolchain/bin/../lib/gcc/arm-none-eabi/4.8.4/armv7-m/crtbegin.o
 .text.InitADC  0x00080148       0x64 src/FuncADC.o
                0x00080148                InitADC
 .text.ReadFanValue
                0x000801ac       0x20 src/FuncADC.o
                0x000801ac                ReadFanValue
 .text._read    0x000801cc       0x40 src/ASF/common/utils/stdio/read.o
                0x000801cc                _read
 .text.adc_init
                0x0008020c       0x34 src/ASF/sam/drivers/adc/adc.o
                0x0008020c                adc_init
 .text.adc_set_resolution
                0x00080240       0x10 src/ASF/sam/drivers/adc/adc.o
                0x00080240                adc_set_resolution
 .text.adc_configure_trigger
                0x00080250       0x10 src/ASF/sam/drivers/adc/adc.o
                0x00080250                adc_configure_trigger
 .text.adc_configure_timing
                0x00080260       0x20 src/ASF/sam/drivers/adc/adc.o
                0x00080260                adc_configure_timing
 .text.adc_start
                0x00080280        0x8 src/ASF/sam/drivers/adc/adc.o
                0x00080280                adc_start
 .text.adc_enable_channel
                0x00080288        0xc src/ASF/sam/drivers/adc/adc.o
                0x00080288                adc_enable_channel
 .text.adc_get_channel_value
                0x00080294       0x10 src/ASF/sam/drivers/adc/adc.o
                0x00080294                adc_get_channel_value
 .text.setupUART
                0x000802a4       0x68 src/SerialUART.o
                0x000802a4                setupUART
 .text.readByte
                0x0008030c       0x20 src/SerialUART.o
                0x0008030c                readByte
 .text.isRXReady
                0x0008032c       0x10 src/SerialUART.o
                0x0008032c                isRXReady
 .text.InitPIN40
                0x0008033c       0x4c src/FuncPWM.o
                0x0008033c                InitPIN40
 .text.InitPWM  0x00080388       0x4c src/FuncPWM.o
                0x00080388                InitPWM
 .text.CalcFanValue
                0x000803d4       0x20 src/FuncPWM.o
                0x000803d4                CalcFanValue
 .text.SetDesiredValue
                0x000803f4       0x78 src/TaskModulate.o
                0x000803f4                SetDesiredValue
 *fill*         0x0008046c        0x4 
 .text.taskModulate
                0x00080470      0x1a0 src/TaskModulate.o
                0x00080470                taskModulate
 .text.ShiftActualValueBuffer
                0x00080610       0x18 src/TaskSendToMatlab.o
                0x00080610                ShiftActualValueBuffer
 .text.taskSendToMatlab
                0x00080628       0x84 src/TaskSendToMatlab.o
                0x00080628                taskSendToMatlab
 .text.findVacantPositionActualValue
                0x000806ac       0x30 src/TaskSendToMatlab.o
                0x000806ac                findVacantPositionActualValue
 .text.setInfo  0x000806dc       0x2c src/TaskSendToMatlab.o
                0x000806dc                setInfo
 .text.vListInitialise
                0x00080708       0x18 src/ASF/thirdparty/freertos/freertos-7.3.0/source/list.o
                0x00080708                vListInitialise
 .text.vListInitialiseItem
                0x00080720        0x8 src/ASF/thirdparty/freertos/freertos-7.3.0/source/list.o
                0x00080720                vListInitialiseItem
 .text.vListInsertEnd
                0x00080728       0x1c src/ASF/thirdparty/freertos/freertos-7.3.0/source/list.o
                0x00080728                vListInsertEnd
 .text.vListInsert
                0x00080744       0x3c src/ASF/thirdparty/freertos/freertos-7.3.0/source/list.o
                0x00080744                vListInsert
 .text.uxListRemove
                0x00080780       0x28 src/ASF/thirdparty/freertos/freertos-7.3.0/source/list.o
                0x00080780                uxListRemove
 .text.prvPortStartFirstTask
                0x000807a8       0x14 src/ASF/thirdparty/freertos/freertos-7.3.0/source/portable/gcc/sam/port.o
 .text.pxPortInitialiseStack
                0x000807bc       0x1c src/ASF/thirdparty/freertos/freertos-7.3.0/source/portable/gcc/sam/port.o
                0x000807bc                pxPortInitialiseStack
 .text.SVC_Handler
                0x000807d8       0x20 src/ASF/thirdparty/freertos/freertos-7.3.0/source/portable/gcc/sam/port.o
                0x000807d8                SVC_Handler
 .text.vPortYieldFromISR
                0x000807f8       0x10 src/ASF/thirdparty/freertos/freertos-7.3.0/source/portable/gcc/sam/port.o
                0x000807f8                vPortYieldFromISR
 .text.ulPortSetInterruptMask
                0x00080808       0x10 src/ASF/thirdparty/freertos/freertos-7.3.0/source/portable/gcc/sam/port.o
                0x00080808                ulPortSetInterruptMask
 .text.vPortEnterCritical
                0x00080818       0x18 src/ASF/thirdparty/freertos/freertos-7.3.0/source/portable/gcc/sam/port.o
                0x00080818                vPortEnterCritical
 .text.vPortClearInterruptMask
                0x00080830        0x8 src/ASF/thirdparty/freertos/freertos-7.3.0/source/portable/gcc/sam/port.o
                0x00080830                vPortClearInterruptMask
 .text.vPortExitCritical
                0x00080838       0x1c src/ASF/thirdparty/freertos/freertos-7.3.0/source/portable/gcc/sam/port.o
                0x00080838                vPortExitCritical
 .text.PendSV_Handler
                0x00080854       0x3c src/ASF/thirdparty/freertos/freertos-7.3.0/source/portable/gcc/sam/port.o
                0x00080854                PendSV_Handler
 .text.SysTick_Handler
                0x00080890       0x2c src/ASF/thirdparty/freertos/freertos-7.3.0/source/portable/gcc/sam/port.o
                0x00080890                SysTick_Handler
 .text.vPortSetupTimerInterrupt
                0x000808bc       0x18 src/ASF/thirdparty/freertos/freertos-7.3.0/source/portable/gcc/sam/port.o
                0x000808bc                vPortSetupTimerInterrupt
 .text.xPortStartScheduler
                0x000808d4       0x38 src/ASF/thirdparty/freertos/freertos-7.3.0/source/portable/gcc/sam/port.o
                0x000808d4                xPortStartScheduler
 .text.prvInsertBlockIntoFreeList
                0x0008090c       0x58 src/ASF/thirdparty/freertos/freertos-7.3.0/source/portable/memmang/heap_4.o
 .text.pvPortMalloc
                0x00080964       0xc4 src/ASF/thirdparty/freertos/freertos-7.3.0/source/portable/memmang/heap_4.o
                0x00080964                pvPortMalloc
 .text.vPortFree
                0x00080a28       0x34 src/ASF/thirdparty/freertos/freertos-7.3.0/source/portable/memmang/heap_4.o
                0x00080a28                vPortFree
 .text.prvCopyDataToQueue
                0x00080a5c       0x64 src/ASF/thirdparty/freertos/freertos-7.3.0/source/queue.o
 .text.prvCopyDataFromQueue
                0x00080ac0       0x28 src/ASF/thirdparty/freertos/freertos-7.3.0/source/queue.o
 .text.prvUnlockQueue
                0x00080ae8       0x8c src/ASF/thirdparty/freertos/freertos-7.3.0/source/queue.o
 .text.xQueueGenericReset
                0x00080b74       0x7c src/ASF/thirdparty/freertos/freertos-7.3.0/source/queue.o
                0x00080b74                xQueueGenericReset
 .text.xQueueGenericCreate
                0x00080bf0       0x58 src/ASF/thirdparty/freertos/freertos-7.3.0/source/queue.o
                0x00080bf0                xQueueGenericCreate
 .text.xQueueGenericSend
                0x00080c48      0x11c src/ASF/thirdparty/freertos/freertos-7.3.0/source/queue.o
                0x00080c48                xQueueGenericSend
 .text.xQueueGenericSendFromISR
                0x00080d64       0x90 src/ASF/thirdparty/freertos/freertos-7.3.0/source/queue.o
                0x00080d64                xQueueGenericSendFromISR
 .text.xQueueGenericReceive
                0x00080df4      0x15c src/ASF/thirdparty/freertos/freertos-7.3.0/source/queue.o
                0x00080df4                xQueueGenericReceive
 .text.vQueueWaitForMessageRestricted
                0x00080f50       0x4c src/ASF/thirdparty/freertos/freertos-7.3.0/source/queue.o
                0x00080f50                vQueueWaitForMessageRestricted
 .text.prvAddCurrentTaskToDelayedList
                0x00080f9c       0x58 src/ASF/thirdparty/freertos/freertos-7.3.0/source/tasks.o
 .text.xTaskGenericCreate
                0x00080ff4      0x208 src/ASF/thirdparty/freertos/freertos-7.3.0/source/tasks.o
                0x00080ff4                xTaskGenericCreate
 .text.vTaskStartScheduler
                0x000811fc       0x68 src/ASF/thirdparty/freertos/freertos-7.3.0/source/tasks.o
                0x000811fc                vTaskStartScheduler
 .text.vTaskSuspendAll
                0x00081264       0x10 src/ASF/thirdparty/freertos/freertos-7.3.0/source/tasks.o
                0x00081264                vTaskSuspendAll
 .text.xTaskGetTickCount
                0x00081274       0x20 src/ASF/thirdparty/freertos/freertos-7.3.0/source/tasks.o
                0x00081274                xTaskGetTickCount
 .text.vTaskIncrementTick
                0x00081294      0x120 src/ASF/thirdparty/freertos/freertos-7.3.0/source/tasks.o
                0x00081294                vTaskIncrementTick
 .text.xTaskResumeAll
                0x000813b4      0x108 src/ASF/thirdparty/freertos/freertos-7.3.0/source/tasks.o
                0x000813b4                xTaskResumeAll
 .text.vTaskDelayUntil
                0x000814bc       0x90 src/ASF/thirdparty/freertos/freertos-7.3.0/source/tasks.o
                0x000814bc                vTaskDelayUntil
 .text.prvIdleTask
                0x0008154c       0x84 src/ASF/thirdparty/freertos/freertos-7.3.0/source/tasks.o
 .text.vTaskSwitchContext
                0x000815d0       0x90 src/ASF/thirdparty/freertos/freertos-7.3.0/source/tasks.o
                0x000815d0                vTaskSwitchContext
 .text.vTaskPlaceOnEventList
                0x00081660       0x60 src/ASF/thirdparty/freertos/freertos-7.3.0/source/tasks.o
                0x00081660                vTaskPlaceOnEventList
 .text.vTaskPlaceOnEventListRestricted
                0x000816c0       0x44 src/ASF/thirdparty/freertos/freertos-7.3.0/source/tasks.o
                0x000816c0                vTaskPlaceOnEventListRestricted
 .text.xTaskRemoveFromEventList
                0x00081704       0x84 src/ASF/thirdparty/freertos/freertos-7.3.0/source/tasks.o
                0x00081704                xTaskRemoveFromEventList
 .text.vTaskSetTimeOutState
                0x00081788       0x28 src/ASF/thirdparty/freertos/freertos-7.3.0/source/tasks.o
                0x00081788                vTaskSetTimeOutState
 .text.xTaskCheckForTimeOut
                0x000817b0       0x84 src/ASF/thirdparty/freertos/freertos-7.3.0/source/tasks.o
                0x000817b0                xTaskCheckForTimeOut
 .text.vTaskMissedYield
                0x00081834        0xc src/ASF/thirdparty/freertos/freertos-7.3.0/source/tasks.o
                0x00081834                vTaskMissedYield
 .text.xTaskGetCurrentTaskHandle
                0x00081840        0xc src/ASF/thirdparty/freertos/freertos-7.3.0/source/tasks.o
                0x00081840                xTaskGetCurrentTaskHandle
 .text.xTaskGetSchedulerState
                0x0008184c       0x20 src/ASF/thirdparty/freertos/freertos-7.3.0/source/tasks.o
                0x0008184c                xTaskGetSchedulerState
 .text.vTaskPriorityInherit
                0x0008186c       0x7c src/ASF/thirdparty/freertos/freertos-7.3.0/source/tasks.o
                0x0008186c                vTaskPriorityInherit
 .text.vTaskPriorityDisinherit
                0x000818e8       0x50 src/ASF/thirdparty/freertos/freertos-7.3.0/source/tasks.o
                0x000818e8                vTaskPriorityDisinherit
 .text.prvInsertTimerInActiveList
                0x00081938       0x4c src/ASF/thirdparty/freertos/freertos-7.3.0/source/timers.o
 .text.prvCheckForValidListAndQueue
                0x00081984       0x5c src/ASF/thirdparty/freertos/freertos-7.3.0/source/timers.o
 .text.xTimerCreateTimerTask
                0x000819e0       0x4c src/ASF/thirdparty/freertos/freertos-7.3.0/source/timers.o
                0x000819e0                xTimerCreateTimerTask
 .text.xTimerGenericCommand
                0x00081a2c       0x54 src/ASF/thirdparty/freertos/freertos-7.3.0/source/timers.o
                0x00081a2c                xTimerGenericCommand
 .text.prvSampleTimeNow
                0x00081a80       0xb4 src/ASF/thirdparty/freertos/freertos-7.3.0/source/timers.o
 .text.prvTimerTask
                0x00081b34      0x170 src/ASF/thirdparty/freertos/freertos-7.3.0/source/timers.o
 .text._write   0x00081ca4       0x54 src/ASF/common/utils/stdio/write.o
                0x00081ca4                _write
 .text.pwm_clocks_generate
                0x00081cf8       0x58 src/ASF/sam/drivers/pwm/pwm.o
 .text.pwm_init
                0x00081d50       0x40 src/ASF/sam/drivers/pwm/pwm.o
                0x00081d50                pwm_init
 .text.pwm_channel_init
                0x00081d90      0x104 src/ASF/sam/drivers/pwm/pwm.o
                0x00081d90                pwm_channel_init
 .text.pwm_channel_update_duty
                0x00081e94       0x24 src/ASF/sam/drivers/pwm/pwm.o
                0x00081e94                pwm_channel_update_duty
 .text.pwm_channel_enable
                0x00081eb8        0xc src/ASF/sam/drivers/pwm/pwm.o
                0x00081eb8                pwm_channel_enable
 .text.pwm_channel_disable
                0x00081ec4        0xc src/ASF/sam/drivers/pwm/pwm.o
                0x00081ec4                pwm_channel_disable
 .text.uart_init
                0x00081ed0       0x38 src/ASF/sam/drivers/uart/uart.o
                0x00081ed0                uart_init
 .text.uart_write
                0x00081f08       0x10 src/ASF/sam/drivers/uart/uart.o
                0x00081f08                uart_write
 .text.uart_read
                0x00081f18       0x14 src/ASF/sam/drivers/uart/uart.o
                0x00081f18                uart_read
 .text.usart_write
                0x00081f2c       0x14 src/ASF/sam/drivers/usart/usart.o
                0x00081f2c                usart_write
 .text.usart_read
                0x00081f40       0x18 src/ASF/sam/drivers/usart/usart.o
                0x00081f40                usart_read
 .text.sysclk_init
                0x00081f58       0x64 src/ASF/common/services/clock/sam3x/sysclk.o
                0x00081f58                sysclk_init
 .text.board_init
                0x00081fbc       0x70 src/ASF/sam/boards/arduino_due_x/init.o
                0x00081fbc                board_init
 .text.pio_set_peripheral
                0x0008202c       0x40 src/ASF/sam/drivers/pio/pio.o
                0x0008202c                pio_set_peripheral
 .text.pio_set_input
                0x0008206c       0x34 src/ASF/sam/drivers/pio/pio.o
                0x0008206c                pio_set_input
 .text.pio_set_output
                0x000820a0       0x28 src/ASF/sam/drivers/pio/pio.o
                0x000820a0                pio_set_output
 .text.pio_configure
                0x000820c8       0x88 src/ASF/sam/drivers/pio/pio.o
                0x000820c8                pio_configure
 .text.pio_get_interrupt_status
                0x00082150        0x4 src/ASF/sam/drivers/pio/pio.o
                0x00082150                pio_get_interrupt_status
 .text.pio_get_interrupt_mask
                0x00082154        0x4 src/ASF/sam/drivers/pio/pio.o
                0x00082154                pio_get_interrupt_mask
 .text.pio_configure_pin
                0x00082158       0xd4 src/ASF/sam/drivers/pio/pio.o
                0x00082158                pio_configure_pin
 .text.pio_configure_pin_group
                0x0008222c       0xa0 src/ASF/sam/drivers/pio/pio.o
                0x0008222c                pio_configure_pin_group
 .text.pio_handler_process
                0x000822cc       0x58 src/ASF/sam/drivers/pio/pio_handler.o
                0x000822cc                pio_handler_process
 .text.PIOA_Handler
                0x00082324       0x14 src/ASF/sam/drivers/pio/pio_handler.o
                0x00082324                PIOA_Handler
 .text.PIOB_Handler
                0x00082338       0x14 src/ASF/sam/drivers/pio/pio_handler.o
                0x00082338                PIOB_Handler
 .text.PIOC_Handler
                0x0008234c       0x14 src/ASF/sam/drivers/pio/pio_handler.o
                0x0008234c                PIOC_Handler
 .text.PIOD_Handler
                0x00082360       0x14 src/ASF/sam/drivers/pio/pio_handler.o
                0x00082360                PIOD_Handler
 .text.pmc_switch_mck_to_pllack
                0x00082374       0x64 src/ASF/sam/drivers/pmc/pmc.o
                0x00082374                pmc_switch_mck_to_pllack
 .text.pmc_switch_mainck_to_xtal
                0x000823d8       0x54 src/ASF/sam/drivers/pmc/pmc.o
                0x000823d8                pmc_switch_mainck_to_xtal
 .text.pmc_osc_is_ready_mainck
                0x0008242c       0x10 src/ASF/sam/drivers/pmc/pmc.o
                0x0008242c                pmc_osc_is_ready_mainck
 .text.pmc_disable_pllack
                0x0008243c       0x10 src/ASF/sam/drivers/pmc/pmc.o
                0x0008243c                pmc_disable_pllack
 .text.pmc_is_locked_pllack
                0x0008244c       0x10 src/ASF/sam/drivers/pmc/pmc.o
                0x0008244c                pmc_is_locked_pllack
 .text.pmc_enable_periph_clk
                0x0008245c       0x58 src/ASF/sam/drivers/pmc/pmc.o
                0x0008245c                pmc_enable_periph_clk
 .text.Dummy_Handler
                0x000824b4        0x4 src/ASF/sam/utils/cmsis/sam3x/source/templates/exceptions.o
                0x000824b4                DACC_Handler
                0x000824b4                DebugMon_Handler
                0x000824b4                DMAC_Handler
                0x000824b4                TRNG_Handler
                0x000824b4                HardFault_Handler
                0x000824b4                TC2_Handler
                0x000824b4                USART3_Handler
                0x000824b4                TWI1_Handler
                0x000824b4                NMI_Handler
                0x000824b4                TC7_Handler
                0x000824b4                ADC_Handler
                0x000824b4                SMC_Handler
                0x000824b4                USART0_Handler
                0x000824b4                RTT_Handler
                0x000824b4                EFC1_Handler
                0x000824b4                RTC_Handler
                0x000824b4                UsageFault_Handler
                0x000824b4                TC6_Handler
                0x000824b4                WDT_Handler
                0x000824b4                CAN0_Handler
                0x000824b4                TC4_Handler
                0x000824b4                TC1_Handler
                0x000824b4                HSMCI_Handler
                0x000824b4                TC3_Handler
                0x000824b4                Dummy_Handler
                0x000824b4                TWI0_Handler
                0x000824b4                USART1_Handler
                0x000824b4                SSC_Handler
                0x000824b4                EFC0_Handler
                0x000824b4                PMC_Handler
                0x000824b4                PWM_Handler
                0x000824b4                CAN1_Handler
                0x000824b4                MemManage_Handler
                0x000824b4                SUPC_Handler
                0x000824b4                TC8_Handler
                0x000824b4                USART2_Handler
                0x000824b4                EMAC_Handler
                0x000824b4                UART_Handler
                0x000824b4                BusFault_Handler
                0x000824b4                RSTC_Handler
                0x000824b4                TC0_Handler
                0x000824b4                TC5_Handler
                0x000824b4                UOTGHS_Handler
                0x000824b4                SPI0_Handler
 .text.Reset_Handler
                0x000824b8       0xb0 src/ASF/sam/utils/cmsis/sam3x/source/templates/gcc/startup_sam3x.o
                0x000824b8                Reset_Handler
 .text.SystemCoreClockUpdate
                0x00082568      0x11c src/ASF/sam/utils/cmsis/sam3x/source/templates/system_sam3x.o
                0x00082568                SystemCoreClockUpdate
 .text.system_init_flash
                0x00082684       0x88 src/ASF/sam/utils/cmsis/sam3x/source/templates/system_sam3x.o
                0x00082684                system_init_flash
 .text._sbrk    0x0008270c       0x34 src/ASF/sam/utils/syscalls/gcc/syscalls.o
                0x0008270c                _sbrk
 .text._close   0x00082740        0x8 src/ASF/sam/utils/syscalls/gcc/syscalls.o
                0x00082740                _close
 .text._fstat   0x00082748        0xc src/ASF/sam/utils/syscalls/gcc/syscalls.o
                0x00082748                _fstat
 .text._isatty  0x00082754        0x4 src/ASF/sam/utils/syscalls/gcc/syscalls.o
                0x00082754                _isatty
 .text._lseek   0x00082758        0x4 src/ASF/sam/utils/syscalls/gcc/syscalls.o
                0x00082758                _lseek
 .text.usart_serial_getchar
                0x0008275c       0xa8 src/main.o
 .text.usart_serial_putchar
                0x00082804       0xa8 src/main.o
 .text.main     0x000828ac      0x12c src/main.o
                0x000828ac                main
 .text          0x000829d8      0x370 c:/program files (x86)/atmel/atmel toolchain/arm gcc/native/4.8.1443/arm-gnu-toolchain/bin/../lib/gcc/arm-none-eabi/4.8.4/armv7-m\libgcc.a(_arm_addsubdf3.o)
                0x000829d8                __aeabi_drsub
                0x000829e0                __aeabi_dsub
                0x000829e0                __subdf3
                0x000829e4                __aeabi_dadd
                0x000829e4                __adddf3
                0x00082c5c                __floatunsidf
                0x00082c5c                __aeabi_ui2d
                0x00082c7c                __floatsidf
                0x00082c7c                __aeabi_i2d
                0x00082ca0                __aeabi_f2d
                0x00082ca0                __extendsfdf2
                0x00082cdc                __floatundidf
                0x00082cdc                __aeabi_ul2d
                0x00082cec                __floatdidf
                0x00082cec                __aeabi_l2d
 .text          0x00082d48      0x424 c:/program files (x86)/atmel/atmel toolchain/arm gcc/native/4.8.1443/arm-gnu-toolchain/bin/../lib/gcc/arm-none-eabi/4.8.4/armv7-m\libgcc.a(_arm_muldivdf3.o)
                0x00082d48                __aeabi_dmul
                0x00082d48                __muldf3
                0x00082f9c                __divdf3
                0x00082f9c                __aeabi_ddiv
 .text          0x0008316c       0x50 c:/program files (x86)/atmel/atmel toolchain/arm gcc/native/4.8.1443/arm-gnu-toolchain/bin/../lib/gcc/arm-none-eabi/4.8.4/armv7-m\libgcc.a(_arm_fixdfsi.o)
                0x0008316c                __aeabi_d2iz
                0x0008316c                __fixdfsi
 .text.__libc_init_array
                0x000831bc       0x50 c:/program files (x86)/atmel/atmel toolchain/arm gcc/native/4.8.1443/arm-gnu-toolchain/bin/../lib/gcc/arm-none-eabi/4.8.4/../../../../arm-none-eabi/lib/armv7-m\libc.a(lib_a-init.o)
                0x000831bc                __libc_init_array
 .text.iprintf  0x0008320c       0x28 c:/program files (x86)/atmel/atmel toolchain/arm gcc/native/4.8.1443/arm-gnu-toolchain/bin/../lib/gcc/arm-none-eabi/4.8.4/../../../../arm-none-eabi/lib/armv7-m\libc.a(lib_a-iprintf.o)
                0x0008320c                iprintf
 .text          0x00083234       0xec c:/program files (x86)/atmel/atmel toolchain/arm gcc/native/4.8.1443/arm-gnu-toolchain/bin/../lib/gcc/arm-none-eabi/4.8.4/../../../../arm-none-eabi/lib/armv7-m\libc.a(lib_a-memcpy.o)
                0x00083234                memcpy
 .text.memset   0x00083320       0x94 c:/program files (x86)/atmel/atmel toolchain/arm gcc/native/4.8.1443/arm-gnu-toolchain/bin/../lib/gcc/arm-none-eabi/4.8.4/../../../../arm-none-eabi/lib/armv7-m\libc.a(lib_a-memset.o)
                0x00083320                memset
 .text.setbuf   0x000833b4       0x10 c:/program files (x86)/atmel/atmel toolchain/arm gcc/native/4.8.1443/arm-gnu-toolchain/bin/../lib/gcc/arm-none-eabi/4.8.4/../../../../arm-none-eabi/lib/armv7-m\libc.a(lib_a-setbuf.o)
                0x000833b4                setbuf
 .text.setvbuf  0x000833c4      0x100 c:/program files (x86)/atmel/atmel toolchain/arm gcc/native/4.8.1443/arm-gnu-toolchain/bin/../lib/gcc/arm-none-eabi/4.8.4/../../../../arm-none-eabi/lib/armv7-m\libc.a(lib_a-setvbuf.o)
                0x000833c4                setvbuf
 .text.strlen   0x000834c4       0x60 c:/program files (x86)/atmel/atmel toolchain/arm gcc/native/4.8.1443/arm-gnu-toolchain/bin/../lib/gcc/arm-none-eabi/4.8.4/../../../../arm-none-eabi/lib/armv7-m\libc.a(lib_a-strlen.o)
                0x000834c4                strlen
 .text.strncpy  0x00083524       0x64 c:/program files (x86)/atmel/atmel toolchain/arm gcc/native/4.8.1443/arm-gnu-toolchain/bin/../lib/gcc/arm-none-eabi/4.8.4/../../../../arm-none-eabi/lib/armv7-m\libc.a(lib_a-strncpy.o)
                0x00083524                strncpy
 .text.__sprint_r.part.0
                0x00083588       0x78 c:/program files (x86)/atmel/atmel toolchain/arm gcc/native/4.8.1443/arm-gnu-toolchain/bin/../lib/gcc/arm-none-eabi/4.8.4/../../../../arm-none-eabi/lib/armv7-m\libc.a(lib_a-vfiprintf.o)
 .text._vfiprintf_r
                0x00083600      0xc54 c:/program files (x86)/atmel/atmel toolchain/arm gcc/native/4.8.1443/arm-gnu-toolchain/bin/../lib/gcc/arm-none-eabi/4.8.4/../../../../arm-none-eabi/lib/armv7-m\libc.a(lib_a-vfiprintf.o)
                0x00083600                _vfiprintf_r
 .text.__sbprintf
                0x00084254       0x7c c:/program files (x86)/atmel/atmel toolchain/arm gcc/native/4.8.1443/arm-gnu-toolchain/bin/../lib/gcc/arm-none-eabi/4.8.4/../../../../arm-none-eabi/lib/armv7-m\libc.a(lib_a-vfiprintf.o)
 .text.__swsetup_r
                0x000842d0       0xc4 c:/program files (x86)/atmel/atmel toolchain/arm gcc/native/4.8.1443/arm-gnu-toolchain/bin/../lib/gcc/arm-none-eabi/4.8.4/../../../../arm-none-eabi/lib/armv7-m\libc.a(lib_a-wsetup.o)
                0x000842d0                __swsetup_r
 .text.startup.register_fini
                0x00084394       0x14 c:/program files (x86)/atmel/atmel toolchain/arm gcc/native/4.8.1443/arm-gnu-toolchain/bin/../lib/gcc/arm-none-eabi/4.8.4/../../../../arm-none-eabi/lib/armv7-m\libc.a(lib_a-__call_atexit.o)
 .text.atexit   0x000843a8        0xc c:/program files (x86)/atmel/atmel toolchain/arm gcc/native/4.8.1443/arm-gnu-toolchain/bin/../lib/gcc/arm-none-eabi/4.8.4/../../../../arm-none-eabi/lib/armv7-m\libc.a(lib_a-atexit.o)
                0x000843a8                atexit
 .text.__sflush_r
                0x000843b4      0x148 c:/program files (x86)/atmel/atmel toolchain/arm gcc/native/4.8.1443/arm-gnu-toolchain/bin/../lib/gcc/arm-none-eabi/4.8.4/../../../../arm-none-eabi/lib/armv7-m\libc.a(lib_a-fflush.o)
                0x000843b4                __sflush_r
 .text._fflush_r
                0x000844fc       0x2c c:/program files (x86)/atmel/atmel toolchain/arm gcc/native/4.8.1443/arm-gnu-toolchain/bin/../lib/gcc/arm-none-eabi/4.8.4/../../../../arm-none-eabi/lib/armv7-m\libc.a(lib_a-fflush.o)
                0x000844fc                _fflush_r
 .text._cleanup_r
                0x00084528        0xc c:/program files (x86)/atmel/atmel toolchain/arm gcc/native/4.8.1443/arm-gnu-toolchain/bin/../lib/gcc/arm-none-eabi/4.8.4/../../../../arm-none-eabi/lib/armv7-m\libc.a(lib_a-findfp.o)
                0x00084528                _cleanup_r
 .text.__sinit  0x00084534       0xf4 c:/program files (x86)/atmel/atmel toolchain/arm gcc/native/4.8.1443/arm-gnu-toolchain/bin/../lib/gcc/arm-none-eabi/4.8.4/../../../../arm-none-eabi/lib/armv7-m\libc.a(lib_a-findfp.o)
                0x00084534                __sinit
 .text.__sfp_lock_acquire
                0x00084628        0x4 c:/program files (x86)/atmel/atmel toolchain/arm gcc/native/4.8.1443/arm-gnu-toolchain/bin/../lib/gcc/arm-none-eabi/4.8.4/../../../../arm-none-eabi/lib/armv7-m\libc.a(lib_a-findfp.o)
                0x00084628                __sfp_lock_acquire
 .text.__sfp_lock_release
                0x0008462c        0x4 c:/program files (x86)/atmel/atmel toolchain/arm gcc/native/4.8.1443/arm-gnu-toolchain/bin/../lib/gcc/arm-none-eabi/4.8.4/../../../../arm-none-eabi/lib/armv7-m\libc.a(lib_a-findfp.o)
                0x0008462c                __sfp_lock_release
 .text.__libc_fini_array
                0x00084630       0x30 c:/program files (x86)/atmel/atmel toolchain/arm gcc/native/4.8.1443/arm-gnu-toolchain/bin/../lib/gcc/arm-none-eabi/4.8.4/../../../../arm-none-eabi/lib/armv7-m\libc.a(lib_a-fini.o)
                0x00084630                __libc_fini_array
 .text._fputwc_r
                0x00084660       0xc0 c:/program files (x86)/atmel/atmel toolchain/arm gcc/native/4.8.1443/arm-gnu-toolchain/bin/../lib/gcc/arm-none-eabi/4.8.4/../../../../arm-none-eabi/lib/armv7-m\libc.a(lib_a-fputwc.o)
                0x00084660                _fputwc_r
 .text._malloc_trim_r
                0x00084720       0x9c c:/program files (x86)/atmel/atmel toolchain/arm gcc/native/4.8.1443/arm-gnu-toolchain/bin/../lib/gcc/arm-none-eabi/4.8.4/../../../../arm-none-eabi/lib/armv7-m\libc.a(lib_a-freer.o)
                0x00084720                _malloc_trim_r
 .text._free_r  0x000847bc      0x198 c:/program files (x86)/atmel/atmel toolchain/arm gcc/native/4.8.1443/arm-gnu-toolchain/bin/../lib/gcc/arm-none-eabi/4.8.4/../../../../arm-none-eabi/lib/armv7-m\libc.a(lib_a-freer.o)
                0x000847bc                _free_r
 .text.__sfvwrite_r
                0x00084954      0x318 c:/program files (x86)/atmel/atmel toolchain/arm gcc/native/4.8.1443/arm-gnu-toolchain/bin/../lib/gcc/arm-none-eabi/4.8.4/../../../../arm-none-eabi/lib/armv7-m\libc.a(lib_a-fvwrite.o)
                0x00084954                __sfvwrite_r
 .text._fwalk   0x00084c6c       0x48 c:/program files (x86)/atmel/atmel toolchain/arm gcc/native/4.8.1443/arm-gnu-toolchain/bin/../lib/gcc/arm-none-eabi/4.8.4/../../../../arm-none-eabi/lib/armv7-m\libc.a(lib_a-fwalk.o)
                0x00084c6c                _fwalk
 .text.__locale_charset
                0x00084cb4        0x8 c:/program files (x86)/atmel/atmel toolchain/arm gcc/native/4.8.1443/arm-gnu-toolchain/bin/../lib/gcc/arm-none-eabi/4.8.4/../../../../arm-none-eabi/lib/armv7-m\libc.a(lib_a-locale.o)
                0x00084cb4                __locale_charset
 .text.__locale_mb_cur_max
                0x00084cbc        0xc c:/program files (x86)/atmel/atmel toolchain/arm gcc/native/4.8.1443/arm-gnu-toolchain/bin/../lib/gcc/arm-none-eabi/4.8.4/../../../../arm-none-eabi/lib/armv7-m\libc.a(lib_a-locale.o)
                0x00084cbc                __locale_mb_cur_max
 .text.__smakebuf_r
                0x00084cc8       0xe0 c:/program files (x86)/atmel/atmel toolchain/arm gcc/native/4.8.1443/arm-gnu-toolchain/bin/../lib/gcc/arm-none-eabi/4.8.4/../../../../arm-none-eabi/lib/armv7-m\libc.a(lib_a-makebuf.o)
                0x00084cc8                __smakebuf_r
 .text.malloc   0x00084da8       0x10 c:/program files (x86)/atmel/atmel toolchain/arm gcc/native/4.8.1443/arm-gnu-toolchain/bin/../lib/gcc/arm-none-eabi/4.8.4/../../../../arm-none-eabi/lib/armv7-m\libc.a(lib_a-malloc.o)
                0x00084da8                malloc
 .text._malloc_r
                0x00084db8      0x538 c:/program files (x86)/atmel/atmel toolchain/arm gcc/native/4.8.1443/arm-gnu-toolchain/bin/../lib/gcc/arm-none-eabi/4.8.4/../../../../arm-none-eabi/lib/armv7-m\libc.a(lib_a-mallocr.o)
                0x00084db8                _malloc_r
 .text.memchr   0x000852f0       0x94 c:/program files (x86)/atmel/atmel toolchain/arm gcc/native/4.8.1443/arm-gnu-toolchain/bin/../lib/gcc/arm-none-eabi/4.8.4/../../../../arm-none-eabi/lib/armv7-m\libc.a(lib_a-memchr-stub.o)
                0x000852f0                memchr
 .text.memmove  0x00085384       0xcc c:/program files (x86)/atmel/atmel toolchain/arm gcc/native/4.8.1443/arm-gnu-toolchain/bin/../lib/gcc/arm-none-eabi/4.8.4/../../../../arm-none-eabi/lib/armv7-m\libc.a(lib_a-memmove.o)
                0x00085384                memmove
 .text.__malloc_lock
                0x00085450        0x4 c:/program files (x86)/atmel/atmel toolchain/arm gcc/native/4.8.1443/arm-gnu-toolchain/bin/../lib/gcc/arm-none-eabi/4.8.4/../../../../arm-none-eabi/lib/armv7-m\libc.a(lib_a-mlock.o)
                0x00085450                __malloc_lock
 .text.__malloc_unlock
                0x00085454        0x4 c:/program files (x86)/atmel/atmel toolchain/arm gcc/native/4.8.1443/arm-gnu-toolchain/bin/../lib/gcc/arm-none-eabi/4.8.4/../../../../arm-none-eabi/lib/armv7-m\libc.a(lib_a-mlock.o)
                0x00085454                __malloc_unlock
 .text._realloc_r
                0x00085458      0x3c0 c:/program files (x86)/atmel/atmel toolchain/arm gcc/native/4.8.1443/arm-gnu-toolchain/bin/../lib/gcc/arm-none-eabi/4.8.4/../../../../arm-none-eabi/lib/armv7-m\libc.a(lib_a-reallocr.o)
                0x00085458                _realloc_r
 .text._sbrk_r  0x00085818       0x24 c:/program files (x86)/atmel/atmel toolchain/arm gcc/native/4.8.1443/arm-gnu-toolchain/bin/../lib/gcc/arm-none-eabi/4.8.4/../../../../arm-none-eabi/lib/armv7-m\libc.a(lib_a-sbrkr.o)
                0x00085818                _sbrk_r
 .text.__sread  0x0008583c       0x24 c:/program files (x86)/atmel/atmel toolchain/arm gcc/native/4.8.1443/arm-gnu-toolchain/bin/../lib/gcc/arm-none-eabi/4.8.4/../../../../arm-none-eabi/lib/armv7-m\libc.a(lib_a-stdio.o)
                0x0008583c                __sread
 .text.__swrite
                0x00085860       0x38 c:/program files (x86)/atmel/atmel toolchain/arm gcc/native/4.8.1443/arm-gnu-toolchain/bin/../lib/gcc/arm-none-eabi/4.8.4/../../../../arm-none-eabi/lib/armv7-m\libc.a(lib_a-stdio.o)
                0x00085860                __swrite
 .text.__sseek  0x00085898       0x20 c:/program files (x86)/atmel/atmel toolchain/arm gcc/native/4.8.1443/arm-gnu-toolchain/bin/../lib/gcc/arm-none-eabi/4.8.4/../../../../arm-none-eabi/lib/armv7-m\libc.a(lib_a-stdio.o)
                0x00085898                __sseek
 .text.__sclose
                0x000858b8        0x8 c:/program files (x86)/atmel/atmel toolchain/arm gcc/native/4.8.1443/arm-gnu-toolchain/bin/../lib/gcc/arm-none-eabi/4.8.4/../../../../arm-none-eabi/lib/armv7-m\libc.a(lib_a-stdio.o)
                0x000858b8                __sclose
 .text.__swbuf_r
                0x000858c0       0xa8 c:/program files (x86)/atmel/atmel toolchain/arm gcc/native/4.8.1443/arm-gnu-toolchain/bin/../lib/gcc/arm-none-eabi/4.8.4/../../../../arm-none-eabi/lib/armv7-m\libc.a(lib_a-wbuf.o)
                0x000858c0                __swbuf_r
 .text._wcrtomb_r
                0x00085968       0x50 c:/program files (x86)/atmel/atmel toolchain/arm gcc/native/4.8.1443/arm-gnu-toolchain/bin/../lib/gcc/arm-none-eabi/4.8.4/../../../../arm-none-eabi/lib/armv7-m\libc.a(lib_a-wcrtomb.o)
                0x00085968                _wcrtomb_r
 .text.__ascii_wctomb
                0x000859b8       0x1c c:/program files (x86)/atmel/atmel toolchain/arm gcc/native/4.8.1443/arm-gnu-toolchain/bin/../lib/gcc/arm-none-eabi/4.8.4/../../../../arm-none-eabi/lib/armv7-m\libc.a(lib_a-wctomb_r.o)
                0x000859b8                __ascii_wctomb
 .text._write_r
                0x000859d4       0x28 c:/program files (x86)/atmel/atmel toolchain/arm gcc/native/4.8.1443/arm-gnu-toolchain/bin/../lib/gcc/arm-none-eabi/4.8.4/../../../../arm-none-eabi/lib/armv7-m\libc.a(lib_a-writer.o)
                0x000859d4                _write_r
 .text.__register_exitproc
                0x000859fc       0xa8 c:/program files (x86)/atmel/atmel toolchain/arm gcc/native/4.8.1443/arm-gnu-toolchain/bin/../lib/gcc/arm-none-eabi/4.8.4/../../../../arm-none-eabi/lib/armv7-m\libc.a(lib_a-__atexit.o)
                0x000859fc                __register_exitproc
 .text._close_r
                0x00085aa4       0x24 c:/program files (x86)/atmel/atmel toolchain/arm gcc/native/4.8.1443/arm-gnu-toolchain/bin/../lib/gcc/arm-none-eabi/4.8.4/../../../../arm-none-eabi/lib/armv7-m\libc.a(lib_a-closer.o)
                0x00085aa4                _close_r
 .text._fclose_r
                0x00085ac8       0x80 c:/program files (x86)/atmel/atmel toolchain/arm gcc/native/4.8.1443/arm-gnu-toolchain/bin/../lib/gcc/arm-none-eabi/4.8.4/../../../../arm-none-eabi/lib/armv7-m\libc.a(lib_a-fclose.o)
                0x00085ac8                _fclose_r
 .text.fclose   0x00085b48       0x10 c:/program files (x86)/atmel/atmel toolchain/arm gcc/native/4.8.1443/arm-gnu-toolchain/bin/../lib/gcc/arm-none-eabi/4.8.4/../../../../arm-none-eabi/lib/armv7-m\libc.a(lib_a-fclose.o)
                0x00085b48                fclose
 .text._fstat_r
                0x00085b58       0x28 c:/program files (x86)/atmel/atmel toolchain/arm gcc/native/4.8.1443/arm-gnu-toolchain/bin/../lib/gcc/arm-none-eabi/4.8.4/../../../../arm-none-eabi/lib/armv7-m\libc.a(lib_a-fstatr.o)
                0x00085b58                _fstat_r
 .text._isatty_r
                0x00085b80       0x24 c:/program files (x86)/atmel/atmel toolchain/arm gcc/native/4.8.1443/arm-gnu-toolchain/bin/../lib/gcc/arm-none-eabi/4.8.4/../../../../arm-none-eabi/lib/armv7-m\libc.a(lib_a-isattyr.o)
                0x00085b80                _isatty_r
 .text._lseek_r
                0x00085ba4       0x28 c:/program files (x86)/atmel/atmel toolchain/arm gcc/native/4.8.1443/arm-gnu-toolchain/bin/../lib/gcc/arm-none-eabi/4.8.4/../../../../arm-none-eabi/lib/armv7-m\libc.a(lib_a-lseekr.o)
                0x00085ba4                _lseek_r
 .text._read_r  0x00085bcc       0x28 c:/program files (x86)/atmel/atmel toolchain/arm gcc/native/4.8.1443/arm-gnu-toolchain/bin/../lib/gcc/arm-none-eabi/4.8.4/../../../../arm-none-eabi/lib/armv7-m\libc.a(lib_a-readr.o)
                0x00085bcc                _read_r
 .text          0x00085bf4       0x2c c:/program files (x86)/atmel/atmel toolchain/arm gcc/native/4.8.1443/arm-gnu-toolchain/bin/../lib/gcc/arm-none-eabi/4.8.4/armv7-m\libgcc.a(_aeabi_uldivmod.o)
                0x00085bf4                __aeabi_uldivmod
 .text          0x00085c20       0x60 c:/program files (x86)/atmel/atmel toolchain/arm gcc/native/4.8.1443/arm-gnu-toolchain/bin/../lib/gcc/arm-none-eabi/4.8.4/armv7-m\libgcc.a(bpabi.o)
                0x00085c20                __gnu_ldivmod_helper
                0x00085c50                __gnu_uldivmod_helper
 .text          0x00085c80        0x4 c:/program files (x86)/atmel/atmel toolchain/arm gcc/native/4.8.1443/arm-gnu-toolchain/bin/../lib/gcc/arm-none-eabi/4.8.4/armv7-m\libgcc.a(_dvmd_tls.o)
                0x00085c80                __aeabi_idiv0
                0x00085c80                __aeabi_ldiv0
 .text          0x00085c84      0x2a0 c:/program files (x86)/atmel/atmel toolchain/arm gcc/native/4.8.1443/arm-gnu-toolchain/bin/../lib/gcc/arm-none-eabi/4.8.4/armv7-m\libgcc.a(_divdi3.o)
                0x00085c84                __divdi3
 .text          0x00085f24      0x290 c:/program files (x86)/atmel/atmel toolchain/arm gcc/native/4.8.1443/arm-gnu-toolchain/bin/../lib/gcc/arm-none-eabi/4.8.4/armv7-m\libgcc.a(_udivdi3.o)
                0x00085f24                __udivdi3
 *(.glue_7t)
 .glue_7t       0x00000000        0x0 linker stubs
 *(.glue_7)
 .glue_7        0x00000000        0x0 linker stubs
 *(.rodata .rodata* .gnu.linkonce.r.*)
 .rodata.str1.4
                0x000861b4        0x4 src/TaskSendToMatlab.o
 .rodata.str1.4
                0x000861b8       0x1f src/ASF/thirdparty/freertos/freertos-7.3.0/source/tasks.o
                                 0x20 (size before relaxing)
 *fill*         0x000861d7        0x1 
 .rodata.str1.4
                0x000861d8        0x8 src/ASF/thirdparty/freertos/freertos-7.3.0/source/timers.o
 .rodata        0x000861e0       0x2c src/ASF/sam/drivers/pwm/pwm.o
 .rodata.str1.4
                0x0008620c       0x67 src/main.o
                                 0x68 (size before relaxing)
 *fill*         0x00086273        0x1 
 .rodata.str1.4
                0x00086274        0x2 c:/program files (x86)/atmel/atmel toolchain/arm gcc/native/4.8.1443/arm-gnu-toolchain/bin/../lib/gcc/arm-none-eabi/4.8.4/../../../../arm-none-eabi/lib/armv7-m\libc.a(lib_a-impure.o)
                                  0x4 (size before relaxing)
 *fill*         0x00086276        0x2 
 .rodata._global_impure_ptr
                0x00086278        0x4 c:/program files (x86)/atmel/atmel toolchain/arm gcc/native/4.8.1443/arm-gnu-toolchain/bin/../lib/gcc/arm-none-eabi/4.8.4/../../../../arm-none-eabi/lib/armv7-m\libc.a(lib_a-impure.o)
                0x00086278                _global_impure_ptr
 .rodata.str1.4
                0x0008627c       0x30 c:/program files (x86)/atmel/atmel toolchain/arm gcc/native/4.8.1443/arm-gnu-toolchain/bin/../lib/gcc/arm-none-eabi/4.8.4/../../../../arm-none-eabi/lib/armv7-m\libc.a(lib_a-vfiprintf.o)
 .rodata.zeroes.6721
                0x000862ac       0x10 c:/program files (x86)/atmel/atmel toolchain/arm gcc/native/4.8.1443/arm-gnu-toolchain/bin/../lib/gcc/arm-none-eabi/4.8.4/../../../../arm-none-eabi/lib/armv7-m\libc.a(lib_a-vfiprintf.o)
 .rodata.blanks.6720
                0x000862bc       0x10 c:/program files (x86)/atmel/atmel toolchain/arm gcc/native/4.8.1443/arm-gnu-toolchain/bin/../lib/gcc/arm-none-eabi/4.8.4/../../../../arm-none-eabi/lib/armv7-m\libc.a(lib_a-vfiprintf.o)
 *(.ARM.extab* .gnu.linkonce.armextab.*)
                0x000862cc                . = ALIGN (0x4)
 *(.init)
 .init          0x000862cc        0x4 c:/program files (x86)/atmel/atmel toolchain/arm gcc/native/4.8.1443/arm-gnu-toolchain/bin/../lib/gcc/arm-none-eabi/4.8.4/armv7-m/crti.o
                0x000862cc                _init
 .init          0x000862d0        0x8 c:/program files (x86)/atmel/atmel toolchain/arm gcc/native/4.8.1443/arm-gnu-toolchain/bin/../lib/gcc/arm-none-eabi/4.8.4/armv7-m/crtn.o
                0x000862d8                . = ALIGN (0x4)
                0x000862d8                __preinit_array_start = .
 *(.preinit_array)
                0x000862d8                __preinit_array_end = .
                0x000862d8                . = ALIGN (0x4)
                0x000862d8                __init_array_start = .
 *(SORT(.init_array.*))
 .init_array.00000
                0x000862d8        0x4 c:/program files (x86)/atmel/atmel toolchain/arm gcc/native/4.8.1443/arm-gnu-toolchain/bin/../lib/gcc/arm-none-eabi/4.8.4/../../../../arm-none-eabi/lib/armv7-m\libc.a(lib_a-__call_atexit.o)
 *(.init_array)
 .init_array    0x000862dc        0x4 c:/program files (x86)/atmel/atmel toolchain/arm gcc/native/4.8.1443/arm-gnu-toolchain/bin/../lib/gcc/arm-none-eabi/4.8.4/armv7-m/crtbegin.o
                0x000862e0                __init_array_end = .
                0x000862e0                . = ALIGN (0x4)
 *crtbegin.o(.ctors)
 *(EXCLUDE_FILE(*crtend.o) .ctors)
 *(SORT(.ctors.*))
 *crtend.o(.ctors)
                0x000862e0                . = ALIGN (0x4)
 *(.fini)
 .fini          0x000862e0        0x4 c:/program files (x86)/atmel/atmel toolchain/arm gcc/native/4.8.1443/arm-gnu-toolchain/bin/../lib/gcc/arm-none-eabi/4.8.4/armv7-m/crti.o
                0x000862e0                _fini
 .fini          0x000862e4        0x8 c:/program files (x86)/atmel/atmel toolchain/arm gcc/native/4.8.1443/arm-gnu-toolchain/bin/../lib/gcc/arm-none-eabi/4.8.4/armv7-m/crtn.o
                0x000862ec                . = ALIGN (0x4)
                0x000862ec                __fini_array_start = .
 *(.fini_array)
 .fini_array    0x000862ec        0x4 c:/program files (x86)/atmel/atmel toolchain/arm gcc/native/4.8.1443/arm-gnu-toolchain/bin/../lib/gcc/arm-none-eabi/4.8.4/armv7-m/crtbegin.o
 *(SORT(.fini_array.*))
                0x000862f0                __fini_array_end = .
 *crtbegin.o(.dtors)
 *(EXCLUDE_FILE(*crtend.o) .dtors)
 *(SORT(.dtors.*))
 *crtend.o(.dtors)
                0x000862f0                . = ALIGN (0x4)
                0x000862f0                _efixed = .
                0x000862f0                PROVIDE (__exidx_start, .)

.vfp11_veneer   0x000862f0        0x0
 .vfp11_veneer  0x00000000        0x0 linker stubs

.v4_bx          0x000862f0        0x0
 .v4_bx         0x00000000        0x0 linker stubs

.iplt           0x000862f0        0x0
 .iplt          0x00000000        0x0 c:/program files (x86)/atmel/atmel toolchain/arm gcc/native/4.8.1443/arm-gnu-toolchain/bin/../lib/gcc/arm-none-eabi/4.8.4/armv7-m/crtbegin.o

.ARM.exidx      0x000862f0        0x8
 *(.ARM.exidx* .gnu.linkonce.armexidx.*)
 .ARM.exidx     0x000862f0        0x8 c:/program files (x86)/atmel/atmel toolchain/arm gcc/native/4.8.1443/arm-gnu-toolchain/bin/../lib/gcc/arm-none-eabi/4.8.4/armv7-m\libgcc.a(_divdi3.o)
 .ARM.exidx     0x000862f8        0x0 c:/program files (x86)/atmel/atmel toolchain/arm gcc/native/4.8.1443/arm-gnu-toolchain/bin/../lib/gcc/arm-none-eabi/4.8.4/armv7-m\libgcc.a(_udivdi3.o)
                                  0x8 (size before relaxing)
                0x000862f8                PROVIDE (__exidx_end, .)

.eh_frame       0x000862f8        0x0
 .eh_frame      0x000862f8        0x0 c:/program files (x86)/atmel/atmel toolchain/arm gcc/native/4.8.1443/arm-gnu-toolchain/bin/../lib/gcc/arm-none-eabi/4.8.4/armv7-m/crtbegin.o

.rel.dyn        0x000862f8        0x0
 .rel.iplt      0x00000000        0x0 c:/program files (x86)/atmel/atmel toolchain/arm gcc/native/4.8.1443/arm-gnu-toolchain/bin/../lib/gcc/arm-none-eabi/4.8.4/armv7-m/crtbegin.o

.jcr            0x000862f8        0x0
 .jcr           0x000862f8        0x0 c:/program files (x86)/atmel/atmel toolchain/arm gcc/native/4.8.1443/arm-gnu-toolchain/bin/../lib/gcc/arm-none-eabi/4.8.4/armv7-m/crtbegin.o

.igot.plt       0x000862f8        0x0
 .igot.plt      0x00000000        0x0 c:/program files (x86)/atmel/atmel toolchain/arm gcc/native/4.8.1443/arm-gnu-toolchain/bin/../lib/gcc/arm-none-eabi/4.8.4/armv7-m/crtbegin.o
                0x000862f8                . = ALIGN (0x4)
                0x000862f8                _etext = .

.relocate       0x20070000      0x874 load address 0x000862f8
                0x20070000                . = ALIGN (0x4)
                0x20070000                _srelocate = .
 *(.ramfunc .ramfunc.*)
 *(.data .data.*)
 .data.uxCriticalNesting
                0x20070000        0x4 src/ASF/thirdparty/freertos/freertos-7.3.0/source/portable/gcc/sam/port.o
 .data.xFreeBytesRemaining
                0x20070004        0x4 src/ASF/thirdparty/freertos/freertos-7.3.0/source/portable/memmang/heap_4.o
 .data.xNextTaskUnblockTime
                0x20070008        0x4 src/ASF/thirdparty/freertos/freertos-7.3.0/source/tasks.o
 .data.SystemCoreClock
                0x2007000c        0x4 src/ASF/sam/utils/cmsis/sam3x/source/templates/system_sam3x.o
                0x2007000c                SystemCoreClock
 .data.impure_data
                0x20070010      0x428 c:/program files (x86)/atmel/atmel toolchain/arm gcc/native/4.8.1443/arm-gnu-toolchain/bin/../lib/gcc/arm-none-eabi/4.8.4/../../../../arm-none-eabi/lib/armv7-m\libc.a(lib_a-impure.o)
 .data._impure_ptr
                0x20070438        0x4 c:/program files (x86)/atmel/atmel toolchain/arm gcc/native/4.8.1443/arm-gnu-toolchain/bin/../lib/gcc/arm-none-eabi/4.8.4/../../../../arm-none-eabi/lib/armv7-m\libc.a(lib_a-impure.o)
                0x20070438                _impure_ptr
 .data.lc_ctype_charset
                0x2007043c       0x20 c:/program files (x86)/atmel/atmel toolchain/arm gcc/native/4.8.1443/arm-gnu-toolchain/bin/../lib/gcc/arm-none-eabi/4.8.4/../../../../arm-none-eabi/lib/armv7-m\libc.a(lib_a-locale.o)
 .data.__mb_cur_max
                0x2007045c        0x4 c:/program files (x86)/atmel/atmel toolchain/arm gcc/native/4.8.1443/arm-gnu-toolchain/bin/../lib/gcc/arm-none-eabi/4.8.4/../../../../arm-none-eabi/lib/armv7-m\libc.a(lib_a-locale.o)
                0x2007045c                __mb_cur_max
 .data.__malloc_av_
                0x20070460      0x408 c:/program files (x86)/atmel/atmel toolchain/arm gcc/native/4.8.1443/arm-gnu-toolchain/bin/../lib/gcc/arm-none-eabi/4.8.4/../../../../arm-none-eabi/lib/armv7-m\libc.a(lib_a-mallocr.o)
                0x20070460                __malloc_av_
 .data.__malloc_trim_threshold
                0x20070868        0x4 c:/program files (x86)/atmel/atmel toolchain/arm gcc/native/4.8.1443/arm-gnu-toolchain/bin/../lib/gcc/arm-none-eabi/4.8.4/../../../../arm-none-eabi/lib/armv7-m\libc.a(lib_a-mallocr.o)
                0x20070868                __malloc_trim_threshold
 .data.__malloc_sbrk_base
                0x2007086c        0x4 c:/program files (x86)/atmel/atmel toolchain/arm gcc/native/4.8.1443/arm-gnu-toolchain/bin/../lib/gcc/arm-none-eabi/4.8.4/../../../../arm-none-eabi/lib/armv7-m\libc.a(lib_a-mallocr.o)
                0x2007086c                __malloc_sbrk_base
 .data.__wctomb
                0x20070870        0x4 c:/program files (x86)/atmel/atmel toolchain/arm gcc/native/4.8.1443/arm-gnu-toolchain/bin/../lib/gcc/arm-none-eabi/4.8.4/../../../../arm-none-eabi/lib/armv7-m\libc.a(lib_a-wctomb_r.o)
                0x20070870                __wctomb
                0x20070874                . = ALIGN (0x4)
                0x20070874                _erelocate = .

.bss            0x20070878     0xa354 load address 0x00086b70
                0x20070878                . = ALIGN (0x4)
                0x20070878                _sbss = .
                0x20070878                _szero = .
 *(.bss .bss.*)
 .bss           0x20070878       0x1c c:/program files (x86)/atmel/atmel toolchain/arm gcc/native/4.8.1443/arm-gnu-toolchain/bin/../lib/gcc/arm-none-eabi/4.8.4/armv7-m/crtbegin.o
 .bss.desiredValue
                0x20070894        0x4 src/TaskModulate.o
 .bss.prevError
                0x20070898        0x4 src/TaskModulate.o
 .bss.initialU  0x2007089c        0x4 src/TaskModulate.o
 .bss.error     0x200708a0        0x4 src/TaskModulate.o
 .bss.w         0x200708a4        0x4 src/TaskModulate.o
 .bss.ready     0x200708a8        0x4 src/TaskModulate.o
 .bss.finalU    0x200708ac        0x4 src/TaskModulate.o
 .bss.circBuffertError
                0x200708b0       0x50 src/TaskSendToMatlab.o
 .bss.flag      0x20070900        0x1 src/TaskSendToMatlab.o
                0x20070900                flag
 *fill*         0x20070901        0x3 
 .bss.circBuffertActualValue
                0x20070904       0x50 src/TaskSendToMatlab.o
 .bss.circBuffertControlSignal
                0x20070954       0x50 src/TaskSendToMatlab.o
 *fill*         0x200709a4        0x4 
 .bss.xHeap     0x200709a8     0xa000 src/ASF/thirdparty/freertos/freertos-7.3.0/source/portable/memmang/heap_4.o
 .bss.pxEnd     0x2007a9a8        0x4 src/ASF/thirdparty/freertos/freertos-7.3.0/source/portable/memmang/heap_4.o
 .bss.xStart    0x2007a9ac        0x8 src/ASF/thirdparty/freertos/freertos-7.3.0/source/portable/memmang/heap_4.o
 .bss.uxMissedTicks
                0x2007a9b4        0x4 src/ASF/thirdparty/freertos/freertos-7.3.0/source/tasks.o
 .bss.xSuspendedTaskList
                0x2007a9b8       0x14 src/ASF/thirdparty/freertos/freertos-7.3.0/source/tasks.o
 .bss.pxDelayedTaskList
                0x2007a9cc        0x4 src/ASF/thirdparty/freertos/freertos-7.3.0/source/tasks.o
 .bss.xSchedulerRunning
                0x2007a9d0        0x4 src/ASF/thirdparty/freertos/freertos-7.3.0/source/tasks.o
 .bss.uxTasksDeleted
                0x2007a9d4        0x4 src/ASF/thirdparty/freertos/freertos-7.3.0/source/tasks.o
 .bss.xTasksWaitingTermination
                0x2007a9d8       0x14 src/ASF/thirdparty/freertos/freertos-7.3.0/source/tasks.o
 .bss.xDelayedTaskList2
                0x2007a9ec       0x14 src/ASF/thirdparty/freertos/freertos-7.3.0/source/tasks.o
 .bss.uxTopReadyPriority
                0x2007aa00        0x4 src/ASF/thirdparty/freertos/freertos-7.3.0/source/tasks.o
 .bss.pxReadyTasksLists
                0x2007aa04       0x64 src/ASF/thirdparty/freertos/freertos-7.3.0/source/tasks.o
 .bss.uxSchedulerSuspended
                0x2007aa68        0x4 src/ASF/thirdparty/freertos/freertos-7.3.0/source/tasks.o
 .bss.pxCurrentTCB
                0x2007aa6c        0x4 src/ASF/thirdparty/freertos/freertos-7.3.0/source/tasks.o
                0x2007aa6c                pxCurrentTCB
 .bss.xPendingReadyList
                0x2007aa70       0x14 src/ASF/thirdparty/freertos/freertos-7.3.0/source/tasks.o
 .bss.xNumOfOverflows
                0x2007aa84        0x4 src/ASF/thirdparty/freertos/freertos-7.3.0/source/tasks.o
 .bss.xTickCount
                0x2007aa88        0x4 src/ASF/thirdparty/freertos/freertos-7.3.0/source/tasks.o
 .bss.pxOverflowDelayedTaskList
                0x2007aa8c        0x4 src/ASF/thirdparty/freertos/freertos-7.3.0/source/tasks.o
 .bss.uxTaskNumber
                0x2007aa90        0x4 src/ASF/thirdparty/freertos/freertos-7.3.0/source/tasks.o
 .bss.xDelayedTaskList1
                0x2007aa94       0x14 src/ASF/thirdparty/freertos/freertos-7.3.0/source/tasks.o
 .bss.xMissedYield
                0x2007aaa8        0x4 src/ASF/thirdparty/freertos/freertos-7.3.0/source/tasks.o
 .bss.uxCurrentNumberOfTasks
                0x2007aaac        0x4 src/ASF/thirdparty/freertos/freertos-7.3.0/source/tasks.o
 .bss.uxTopUsedPriority
                0x2007aab0        0x4 src/ASF/thirdparty/freertos/freertos-7.3.0/source/tasks.o
 .bss.pxCurrentTimerList
                0x2007aab4        0x4 src/ASF/thirdparty/freertos/freertos-7.3.0/source/timers.o
 .bss.xActiveTimerList1
                0x2007aab8       0x14 src/ASF/thirdparty/freertos/freertos-7.3.0/source/timers.o
 .bss.xActiveTimerList2
                0x2007aacc       0x14 src/ASF/thirdparty/freertos/freertos-7.3.0/source/timers.o
 .bss.xLastTime.4487
                0x2007aae0        0x4 src/ASF/thirdparty/freertos/freertos-7.3.0/source/timers.o
 .bss.xTimerQueue
                0x2007aae4        0x4 src/ASF/thirdparty/freertos/freertos-7.3.0/source/timers.o
 .bss.pxOverflowTimerList
                0x2007aae8        0x4 src/ASF/thirdparty/freertos/freertos-7.3.0/source/timers.o
 .bss.gs_interrupt_sources
                0x2007aaec       0x70 src/ASF/sam/drivers/pio/pio_handler.o
 .bss.heap.5098
                0x2007ab5c        0x4 src/ASF/sam/utils/syscalls/gcc/syscalls.o
 .bss.__malloc_max_total_mem
                0x2007ab60        0x4 c:/program files (x86)/atmel/atmel toolchain/arm gcc/native/4.8.1443/arm-gnu-toolchain/bin/../lib/gcc/arm-none-eabi/4.8.4/../../../../arm-none-eabi/lib/armv7-m\libc.a(lib_a-mallocr.o)
                0x2007ab60                __malloc_max_total_mem
 .bss.__malloc_max_sbrked_mem
                0x2007ab64        0x4 c:/program files (x86)/atmel/atmel toolchain/arm gcc/native/4.8.1443/arm-gnu-toolchain/bin/../lib/gcc/arm-none-eabi/4.8.4/../../../../arm-none-eabi/lib/armv7-m\libc.a(lib_a-mallocr.o)
                0x2007ab64                __malloc_max_sbrked_mem
 .bss.__malloc_top_pad
                0x2007ab68        0x4 c:/program files (x86)/atmel/atmel toolchain/arm gcc/native/4.8.1443/arm-gnu-toolchain/bin/../lib/gcc/arm-none-eabi/4.8.4/../../../../arm-none-eabi/lib/armv7-m\libc.a(lib_a-mallocr.o)
                0x2007ab68                __malloc_top_pad
 .bss.__malloc_current_mallinfo
                0x2007ab6c       0x28 c:/program files (x86)/atmel/atmel toolchain/arm gcc/native/4.8.1443/arm-gnu-toolchain/bin/../lib/gcc/arm-none-eabi/4.8.4/../../../../arm-none-eabi/lib/armv7-m\libc.a(lib_a-mallocr.o)
                0x2007ab6c                __malloc_current_mallinfo
 *(COMMON)
 COMMON         0x2007ab94        0x4 src/ASF/common/utils/stdio/read.o
                0x2007ab94                ptr_get
 COMMON         0x2007ab98       0x28 src/FuncPWM.o
                0x2007ab98                pwmPIN40
 COMMON         0x2007abc0        0x8 src/ASF/common/utils/stdio/write.o
                0x2007abc0                ptr_put
                0x2007abc4                stdio_base
 COMMON         0x2007abc8        0x4 c:/program files (x86)/atmel/atmel toolchain/arm gcc/native/4.8.1443/arm-gnu-toolchain/bin/../lib/gcc/arm-none-eabi/4.8.4/../../../../arm-none-eabi/lib/armv7-m\libc.a(lib_a-reent.o)
                0x2007abc8                errno
                0x2007abcc                . = ALIGN (0x4)
                0x2007abcc                _ebss = .
                0x2007abcc                _ezero = .

.stack          0x2007abcc     0x2004 load address 0x00090ec4
                0x2007abd0                . = ALIGN (0x8)
 *fill*         0x2007abcc        0x4 
                0x2007abd0                _sstack = .
                0x2007cbd0                . = (. + __stack_size__)
 *fill*         0x2007abd0     0x2000 
                0x2007cbd0                . = ALIGN (0x8)
                0x2007cbd0                _estack = .
                0x2007cbd0                . = ALIGN (0x4)
                0x2007cbd0                _end = .
OUTPUT(ExProjektPingisVicMic.elf elf32-littlearm)

.ARM.attributes
                0x00000000       0x29
 .ARM.attributes
                0x00000000       0x1d c:/program files (x86)/atmel/atmel toolchain/arm gcc/native/4.8.1443/arm-gnu-toolchain/bin/../lib/gcc/arm-none-eabi/4.8.4/armv7-m/crti.o
 .ARM.attributes
                0x0000001d       0x2d c:/program files (x86)/atmel/atmel toolchain/arm gcc/native/4.8.1443/arm-gnu-toolchain/bin/../lib/gcc/arm-none-eabi/4.8.4/armv7-m/crtbegin.o
 .ARM.attributes
                0x0000004a       0x33 src/FuncADC.o
 .ARM.attributes
                0x0000007d       0x33 src/ASF/common/utils/stdio/read.o
 .ARM.attributes
                0x000000b0       0x33 src/ASF/sam/drivers/adc/adc.o
 .ARM.attributes
                0x000000e3       0x33 src/SerialUART.o
 .ARM.attributes
                0x00000116       0x33 src/FuncPWM.o
 .ARM.attributes
                0x00000149       0x33 src/TaskModulate.o
 .ARM.attributes
                0x0000017c       0x33 src/TaskSendToMatlab.o
 .ARM.attributes
                0x000001af       0x33 src/ASF/thirdparty/freertos/freertos-7.3.0/source/list.o
 .ARM.attributes
                0x000001e2       0x33 src/ASF/thirdparty/freertos/freertos-7.3.0/source/portable/gcc/sam/port.o
 .ARM.attributes
                0x00000215       0x33 src/ASF/thirdparty/freertos/freertos-7.3.0/source/portable/memmang/heap_4.o
 .ARM.attributes
                0x00000248       0x33 src/ASF/thirdparty/freertos/freertos-7.3.0/source/queue.o
 .ARM.attributes
                0x0000027b       0x33 src/ASF/thirdparty/freertos/freertos-7.3.0/source/tasks.o
 .ARM.attributes
                0x000002ae       0x33 src/ASF/thirdparty/freertos/freertos-7.3.0/source/timers.o
 .ARM.attributes
                0x000002e1       0x33 src/ASF/common/utils/stdio/write.o
 .ARM.attributes
                0x00000314       0x33 src/ASF/sam/drivers/pwm/pwm.o
 .ARM.attributes
                0x00000347       0x33 src/ASF/sam/drivers/uart/uart.o
 .ARM.attributes
                0x0000037a       0x33 src/ASF/sam/drivers/usart/usart.o
 .ARM.attributes
                0x000003ad       0x33 src/ASF/common/services/clock/sam3x/sysclk.o
 .ARM.attributes
                0x000003e0       0x33 src/ASF/sam/boards/arduino_due_x/init.o
 .ARM.attributes
                0x00000413       0x33 src/ASF/sam/drivers/pio/pio.o
 .ARM.attributes
                0x00000446       0x33 src/ASF/sam/drivers/pio/pio_handler.o
 .ARM.attributes
                0x00000479       0x33 src/ASF/sam/drivers/pmc/pmc.o
 .ARM.attributes
                0x000004ac       0x33 src/ASF/sam/utils/cmsis/sam3x/source/templates/exceptions.o
 .ARM.attributes
                0x000004df       0x33 src/ASF/sam/utils/cmsis/sam3x/source/templates/gcc/startup_sam3x.o
 .ARM.attributes
                0x00000512       0x33 src/ASF/sam/utils/cmsis/sam3x/source/templates/system_sam3x.o
 .ARM.attributes
                0x00000545       0x33 src/ASF/sam/utils/syscalls/gcc/syscalls.o
 .ARM.attributes
                0x00000578       0x33 src/main.o
 .ARM.attributes
                0x000005ab       0x1d c:/program files (x86)/atmel/atmel toolchain/arm gcc/native/4.8.1443/arm-gnu-toolchain/bin/../lib/gcc/arm-none-eabi/4.8.4/armv7-m\libgcc.a(_arm_addsubdf3.o)
 .ARM.attributes
                0x000005c8       0x1d c:/program files (x86)/atmel/atmel toolchain/arm gcc/native/4.8.1443/arm-gnu-toolchain/bin/../lib/gcc/arm-none-eabi/4.8.4/armv7-m\libgcc.a(_arm_muldivdf3.o)
 .ARM.attributes
                0x000005e5       0x1d c:/program files (x86)/atmel/atmel toolchain/arm gcc/native/4.8.1443/arm-gnu-toolchain/bin/../lib/gcc/arm-none-eabi/4.8.4/armv7-m\libgcc.a(_arm_fixdfsi.o)
 .ARM.attributes
                0x00000602       0x2d c:/program files (x86)/atmel/atmel toolchain/arm gcc/native/4.8.1443/arm-gnu-toolchain/bin/../lib/gcc/arm-none-eabi/4.8.4/../../../../arm-none-eabi/lib/armv7-m\libc.a(lib_a-impure.o)
 .ARM.attributes
                0x0000062f       0x2d c:/program files (x86)/atmel/atmel toolchain/arm gcc/native/4.8.1443/arm-gnu-toolchain/bin/../lib/gcc/arm-none-eabi/4.8.4/../../../../arm-none-eabi/lib/armv7-m\libc.a(lib_a-init.o)
 .ARM.attributes
                0x0000065c       0x2d c:/program files (x86)/atmel/atmel toolchain/arm gcc/native/4.8.1443/arm-gnu-toolchain/bin/../lib/gcc/arm-none-eabi/4.8.4/../../../../arm-none-eabi/lib/armv7-m\libc.a(lib_a-iprintf.o)
 .ARM.attributes
                0x00000689       0x1b c:/program files (x86)/atmel/atmel toolchain/arm gcc/native/4.8.1443/arm-gnu-toolchain/bin/../lib/gcc/arm-none-eabi/4.8.4/../../../../arm-none-eabi/lib/armv7-m\libc.a(lib_a-memcpy.o)
 .ARM.attributes
                0x000006a4       0x2d c:/program files (x86)/atmel/atmel toolchain/arm gcc/native/4.8.1443/arm-gnu-toolchain/bin/../lib/gcc/arm-none-eabi/4.8.4/../../../../arm-none-eabi/lib/armv7-m\libc.a(lib_a-memset.o)
 .ARM.attributes
                0x000006d1       0x2d c:/program files (x86)/atmel/atmel toolchain/arm gcc/native/4.8.1443/arm-gnu-toolchain/bin/../lib/gcc/arm-none-eabi/4.8.4/../../../../arm-none-eabi/lib/armv7-m\libc.a(lib_a-setbuf.o)
 .ARM.attributes
                0x000006fe       0x2d c:/program files (x86)/atmel/atmel toolchain/arm gcc/native/4.8.1443/arm-gnu-toolchain/bin/../lib/gcc/arm-none-eabi/4.8.4/../../../../arm-none-eabi/lib/armv7-m\libc.a(lib_a-setvbuf.o)
 .ARM.attributes
                0x0000072b       0x2d c:/program files (x86)/atmel/atmel toolchain/arm gcc/native/4.8.1443/arm-gnu-toolchain/bin/../lib/gcc/arm-none-eabi/4.8.4/../../../../arm-none-eabi/lib/armv7-m\libc.a(lib_a-strlen.o)
 .ARM.attributes
                0x00000758       0x2d c:/program files (x86)/atmel/atmel toolchain/arm gcc/native/4.8.1443/arm-gnu-toolchain/bin/../lib/gcc/arm-none-eabi/4.8.4/../../../../arm-none-eabi/lib/armv7-m\libc.a(lib_a-strncpy.o)
 .ARM.attributes
                0x00000785       0x2d c:/program files (x86)/atmel/atmel toolchain/arm gcc/native/4.8.1443/arm-gnu-toolchain/bin/../lib/gcc/arm-none-eabi/4.8.4/../../../../arm-none-eabi/lib/armv7-m\libc.a(lib_a-vfiprintf.o)
 .ARM.attributes
                0x000007b2       0x2d c:/program files (x86)/atmel/atmel toolchain/arm gcc/native/4.8.1443/arm-gnu-toolchain/bin/../lib/gcc/arm-none-eabi/4.8.4/../../../../arm-none-eabi/lib/armv7-m\libc.a(lib_a-wsetup.o)
 .ARM.attributes
                0x000007df       0x2d c:/program files (x86)/atmel/atmel toolchain/arm gcc/native/4.8.1443/arm-gnu-toolchain/bin/../lib/gcc/arm-none-eabi/4.8.4/../../../../arm-none-eabi/lib/armv7-m\libc.a(lib_a-__call_atexit.o)
 .ARM.attributes
                0x0000080c       0x2d c:/program files (x86)/atmel/atmel toolchain/arm gcc/native/4.8.1443/arm-gnu-toolchain/bin/../lib/gcc/arm-none-eabi/4.8.4/../../../../arm-none-eabi/lib/armv7-m\libc.a(lib_a-atexit.o)
 .ARM.attributes
                0x00000839       0x2d c:/program files (x86)/atmel/atmel toolchain/arm gcc/native/4.8.1443/arm-gnu-toolchain/bin/../lib/gcc/arm-none-eabi/4.8.4/../../../../arm-none-eabi/lib/armv7-m\libc.a(lib_a-fflush.o)
 .ARM.attributes
                0x00000866       0x2d c:/program files (x86)/atmel/atmel toolchain/arm gcc/native/4.8.1443/arm-gnu-toolchain/bin/../lib/gcc/arm-none-eabi/4.8.4/../../../../arm-none-eabi/lib/armv7-m\libc.a(lib_a-findfp.o)
 .ARM.attributes
                0x00000893       0x2d c:/program files (x86)/atmel/atmel toolchain/arm gcc/native/4.8.1443/arm-gnu-toolchain/bin/../lib/gcc/arm-none-eabi/4.8.4/../../../../arm-none-eabi/lib/armv7-m\libc.a(lib_a-fini.o)
 .ARM.attributes
                0x000008c0       0x2d c:/program files (x86)/atmel/atmel toolchain/arm gcc/native/4.8.1443/arm-gnu-toolchain/bin/../lib/gcc/arm-none-eabi/4.8.4/../../../../arm-none-eabi/lib/armv7-m\libc.a(lib_a-fputwc.o)
 .ARM.attributes
                0x000008ed       0x2d c:/program files (x86)/atmel/atmel toolchain/arm gcc/native/4.8.1443/arm-gnu-toolchain/bin/../lib/gcc/arm-none-eabi/4.8.4/../../../../arm-none-eabi/lib/armv7-m\libc.a(lib_a-freer.o)
 .ARM.attributes
                0x0000091a       0x2d c:/program files (x86)/atmel/atmel toolchain/arm gcc/native/4.8.1443/arm-gnu-toolchain/bin/../lib/gcc/arm-none-eabi/4.8.4/../../../../arm-none-eabi/lib/armv7-m\libc.a(lib_a-fvwrite.o)
 .ARM.attributes
                0x00000947       0x2d c:/program files (x86)/atmel/atmel toolchain/arm gcc/native/4.8.1443/arm-gnu-toolchain/bin/../lib/gcc/arm-none-eabi/4.8.4/../../../../arm-none-eabi/lib/armv7-m\libc.a(lib_a-fwalk.o)
 .ARM.attributes
                0x00000974       0x2d c:/program files (x86)/atmel/atmel toolchain/arm gcc/native/4.8.1443/arm-gnu-toolchain/bin/../lib/gcc/arm-none-eabi/4.8.4/../../../../arm-none-eabi/lib/armv7-m\libc.a(lib_a-locale.o)
 .ARM.attributes
                0x000009a1       0x2d c:/program files (x86)/atmel/atmel toolchain/arm gcc/native/4.8.1443/arm-gnu-toolchain/bin/../lib/gcc/arm-none-eabi/4.8.4/../../../../arm-none-eabi/lib/armv7-m\libc.a(lib_a-makebuf.o)
 .ARM.attributes
                0x000009ce       0x2d c:/program files (x86)/atmel/atmel toolchain/arm gcc/native/4.8.1443/arm-gnu-toolchain/bin/../lib/gcc/arm-none-eabi/4.8.4/../../../../arm-none-eabi/lib/armv7-m\libc.a(lib_a-malloc.o)
 .ARM.attributes
                0x000009fb       0x2d c:/program files (x86)/atmel/atmel toolchain/arm gcc/native/4.8.1443/arm-gnu-toolchain/bin/../lib/gcc/arm-none-eabi/4.8.4/../../../../arm-none-eabi/lib/armv7-m\libc.a(lib_a-mallocr.o)
 .ARM.attributes
                0x00000a28       0x2d c:/program files (x86)/atmel/atmel toolchain/arm gcc/native/4.8.1443/arm-gnu-toolchain/bin/../lib/gcc/arm-none-eabi/4.8.4/../../../../arm-none-eabi/lib/armv7-m\libc.a(lib_a-memchr-stub.o)
 .ARM.attributes
                0x00000a55       0x2d c:/program files (x86)/atmel/atmel toolchain/arm gcc/native/4.8.1443/arm-gnu-toolchain/bin/../lib/gcc/arm-none-eabi/4.8.4/../../../../arm-none-eabi/lib/armv7-m\libc.a(lib_a-memmove.o)
 .ARM.attributes
                0x00000a82       0x2d c:/program files (x86)/atmel/atmel toolchain/arm gcc/native/4.8.1443/arm-gnu-toolchain/bin/../lib/gcc/arm-none-eabi/4.8.4/../../../../arm-none-eabi/lib/armv7-m\libc.a(lib_a-mlock.o)
 .ARM.attributes
                0x00000aaf       0x2d c:/program files (x86)/atmel/atmel toolchain/arm gcc/native/4.8.1443/arm-gnu-toolchain/bin/../lib/gcc/arm-none-eabi/4.8.4/../../../../arm-none-eabi/lib/armv7-m\libc.a(lib_a-reallocr.o)
 .ARM.attributes
                0x00000adc       0x2d c:/program files (x86)/atmel/atmel toolchain/arm gcc/native/4.8.1443/arm-gnu-toolchain/bin/../lib/gcc/arm-none-eabi/4.8.4/../../../../arm-none-eabi/lib/armv7-m\libc.a(lib_a-sbrkr.o)
 .ARM.attributes
                0x00000b09       0x2d c:/program files (x86)/atmel/atmel toolchain/arm gcc/native/4.8.1443/arm-gnu-toolchain/bin/../lib/gcc/arm-none-eabi/4.8.4/../../../../arm-none-eabi/lib/armv7-m\libc.a(lib_a-stdio.o)
 .ARM.attributes
                0x00000b36       0x2d c:/program files (x86)/atmel/atmel toolchain/arm gcc/native/4.8.1443/arm-gnu-toolchain/bin/../lib/gcc/arm-none-eabi/4.8.4/../../../../arm-none-eabi/lib/armv7-m\libc.a(lib_a-wbuf.o)
 .ARM.attributes
                0x00000b63       0x2d c:/program files (x86)/atmel/atmel toolchain/arm gcc/native/4.8.1443/arm-gnu-toolchain/bin/../lib/gcc/arm-none-eabi/4.8.4/../../../../arm-none-eabi/lib/armv7-m\libc.a(lib_a-wcrtomb.o)
 .ARM.attributes
                0x00000b90       0x2d c:/program files (x86)/atmel/atmel toolchain/arm gcc/native/4.8.1443/arm-gnu-toolchain/bin/../lib/gcc/arm-none-eabi/4.8.4/../../../../arm-none-eabi/lib/armv7-m\libc.a(lib_a-wctomb_r.o)
 .ARM.attributes
                0x00000bbd       0x2d c:/program files (x86)/atmel/atmel toolchain/arm gcc/native/4.8.1443/arm-gnu-toolchain/bin/../lib/gcc/arm-none-eabi/4.8.4/../../../../arm-none-eabi/lib/armv7-m\libc.a(lib_a-writer.o)
 .ARM.attributes
                0x00000bea       0x2d c:/program files (x86)/atmel/atmel toolchain/arm gcc/native/4.8.1443/arm-gnu-toolchain/bin/../lib/gcc/arm-none-eabi/4.8.4/../../../../arm-none-eabi/lib/armv7-m\libc.a(lib_a-__atexit.o)
 .ARM.attributes
                0x00000c17       0x2d c:/program files (x86)/atmel/atmel toolchain/arm gcc/native/4.8.1443/arm-gnu-toolchain/bin/../lib/gcc/arm-none-eabi/4.8.4/../../../../arm-none-eabi/lib/armv7-m\libc.a(lib_a-closer.o)
 .ARM.attributes
                0x00000c44       0x2d c:/program files (x86)/atmel/atmel toolchain/arm gcc/native/4.8.1443/arm-gnu-toolchain/bin/../lib/gcc/arm-none-eabi/4.8.4/../../../../arm-none-eabi/lib/armv7-m\libc.a(lib_a-fclose.o)
 .ARM.attributes
                0x00000c71       0x2d c:/program files (x86)/atmel/atmel toolchain/arm gcc/native/4.8.1443/arm-gnu-toolchain/bin/../lib/gcc/arm-none-eabi/4.8.4/../../../../arm-none-eabi/lib/armv7-m\libc.a(lib_a-fstatr.o)
 .ARM.attributes
                0x00000c9e       0x2d c:/program files (x86)/atmel/atmel toolchain/arm gcc/native/4.8.1443/arm-gnu-toolchain/bin/../lib/gcc/arm-none-eabi/4.8.4/../../../../arm-none-eabi/lib/armv7-m\libc.a(lib_a-isattyr.o)
 .ARM.attributes
                0x00000ccb       0x2d c:/program files (x86)/atmel/atmel toolchain/arm gcc/native/4.8.1443/arm-gnu-toolchain/bin/../lib/gcc/arm-none-eabi/4.8.4/../../../../arm-none-eabi/lib/armv7-m\libc.a(lib_a-lseekr.o)
 .ARM.attributes
                0x00000cf8       0x2d c:/program files (x86)/atmel/atmel toolchain/arm gcc/native/4.8.1443/arm-gnu-toolchain/bin/../lib/gcc/arm-none-eabi/4.8.4/../../../../arm-none-eabi/lib/armv7-m\libc.a(lib_a-readr.o)
 .ARM.attributes
                0x00000d25       0x2d c:/program files (x86)/atmel/atmel toolchain/arm gcc/native/4.8.1443/arm-gnu-toolchain/bin/../lib/gcc/arm-none-eabi/4.8.4/../../../../arm-none-eabi/lib/armv7-m\libc.a(lib_a-reent.o)
 .ARM.attributes
                0x00000d52       0x1d c:/program files (x86)/atmel/atmel toolchain/arm gcc/native/4.8.1443/arm-gnu-toolchain/bin/../lib/gcc/arm-none-eabi/4.8.4/armv7-m\libgcc.a(_aeabi_uldivmod.o)
 .ARM.attributes
                0x00000d6f       0x2d c:/program files (x86)/atmel/atmel toolchain/arm gcc/native/4.8.1443/arm-gnu-toolchain/bin/../lib/gcc/arm-none-eabi/4.8.4/armv7-m\libgcc.a(bpabi.o)
 .ARM.attributes
                0x00000d9c       0x1d c:/program files (x86)/atmel/atmel toolchain/arm gcc/native/4.8.1443/arm-gnu-toolchain/bin/../lib/gcc/arm-none-eabi/4.8.4/armv7-m\libgcc.a(_dvmd_tls.o)
 .ARM.attributes
                0x00000db9       0x2d c:/program files (x86)/atmel/atmel toolchain/arm gcc/native/4.8.1443/arm-gnu-toolchain/bin/../lib/gcc/arm-none-eabi/4.8.4/armv7-m\libgcc.a(_divdi3.o)
 .ARM.attributes
                0x00000de6       0x2d c:/program files (x86)/atmel/atmel toolchain/arm gcc/native/4.8.1443/arm-gnu-toolchain/bin/../lib/gcc/arm-none-eabi/4.8.4/armv7-m\libgcc.a(_udivdi3.o)
 .ARM.attributes
                0x00000e13       0x1d c:/program files (x86)/atmel/atmel toolchain/arm gcc/native/4.8.1443/arm-gnu-toolchain/bin/../lib/gcc/arm-none-eabi/4.8.4/armv7-m/crtn.o

.comment        0x00000000       0x5b
 .comment       0x00000000       0x5b src/FuncADC.o
                                 0x5c (size before relaxing)
 .comment       0x00000000       0x5c src/ASF/common/utils/stdio/read.o
 .comment       0x00000000       0x5c src/ASF/sam/drivers/adc/adc.o
 .comment       0x00000000       0x5c src/SerialUART.o
 .comment       0x00000000       0x5c src/FuncPWM.o
 .comment       0x00000000       0x5c src/TaskModulate.o
 .comment       0x00000000       0x5c src/TaskSendToMatlab.o
 .comment       0x00000000       0x5c src/ASF/thirdparty/freertos/freertos-7.3.0/source/list.o
 .comment       0x00000000       0x5c src/ASF/thirdparty/freertos/freertos-7.3.0/source/portable/gcc/sam/port.o
 .comment       0x00000000       0x5c src/ASF/thirdparty/freertos/freertos-7.3.0/source/portable/memmang/heap_4.o
 .comment       0x00000000       0x5c src/ASF/thirdparty/freertos/freertos-7.3.0/source/queue.o
 .comment       0x00000000       0x5c src/ASF/thirdparty/freertos/freertos-7.3.0/source/tasks.o
 .comment       0x00000000       0x5c src/ASF/thirdparty/freertos/freertos-7.3.0/source/timers.o
 .comment       0x00000000       0x5c src/ASF/common/utils/stdio/write.o
 .comment       0x00000000       0x5c src/ASF/sam/drivers/pwm/pwm.o
 .comment       0x00000000       0x5c src/ASF/sam/drivers/uart/uart.o
 .comment       0x00000000       0x5c src/ASF/sam/drivers/usart/usart.o
 .comment       0x00000000       0x5c src/ASF/common/services/clock/sam3x/sysclk.o
 .comment       0x00000000       0x5c src/ASF/sam/boards/arduino_due_x/init.o
 .comment       0x00000000       0x5c src/ASF/sam/drivers/pio/pio.o
 .comment       0x00000000       0x5c src/ASF/sam/drivers/pio/pio_handler.o
 .comment       0x00000000       0x5c src/ASF/sam/drivers/pmc/pmc.o
 .comment       0x00000000       0x5c src/ASF/sam/utils/cmsis/sam3x/source/templates/exceptions.o
 .comment       0x00000000       0x5c src/ASF/sam/utils/cmsis/sam3x/source/templates/gcc/startup_sam3x.o
 .comment       0x00000000       0x5c src/ASF/sam/utils/cmsis/sam3x/source/templates/system_sam3x.o
 .comment       0x00000000       0x5c src/ASF/sam/utils/syscalls/gcc/syscalls.o
 .comment       0x00000000       0x5c src/main.o

.debug_info     0x00000000    0x14720
 .debug_info    0x00000000      0xf41 src/FuncADC.o
 .debug_info    0x00000f41      0x1bb src/ASF/common/utils/stdio/read.o
 .debug_info    0x000010fc     0x1188 src/ASF/sam/drivers/adc/adc.o
 .debug_info    0x00002284     0x18e4 src/SerialUART.o
 .debug_info    0x00003b68     0x1703 src/FuncPWM.o
 .debug_info    0x0000526b      0xe5b src/TaskModulate.o
 .debug_info    0x000060c6      0xc51 src/TaskSendToMatlab.o
 .debug_info    0x00006d17      0x2b7 src/ASF/thirdparty/freertos/freertos-7.3.0/source/list.o
 .debug_info    0x00006fce      0x3a0 src/ASF/thirdparty/freertos/freertos-7.3.0/source/portable/gcc/sam/port.o
 .debug_info    0x0000736e      0x38d src/ASF/thirdparty/freertos/freertos-7.3.0/source/portable/memmang/heap_4.o
 .debug_info    0x000076fb      0xf9e src/ASF/thirdparty/freertos/freertos-7.3.0/source/queue.o
 .debug_info    0x00008699     0x178d src/ASF/thirdparty/freertos/freertos-7.3.0/source/tasks.o
 .debug_info    0x00009e26      0xb44 src/ASF/thirdparty/freertos/freertos-7.3.0/source/timers.o
 .debug_info    0x0000a96a      0x1c0 src/ASF/common/utils/stdio/write.o
 .debug_info    0x0000ab2a     0x1572 src/ASF/sam/drivers/pwm/pwm.o
 .debug_info    0x0000c09c      0x887 src/ASF/sam/drivers/uart/uart.o
 .debug_info    0x0000c923     0x1bf9 src/ASF/sam/drivers/usart/usart.o
 .debug_info    0x0000e51c      0x796 src/ASF/common/services/clock/sam3x/sysclk.o
 .debug_info    0x0000ecb2      0x726 src/ASF/sam/boards/arduino_due_x/init.o
 .debug_info    0x0000f3d8     0x1383 src/ASF/sam/drivers/pio/pio.o
 .debug_info    0x0001075b      0xe52 src/ASF/sam/drivers/pio/pio_handler.o
 .debug_info    0x000115ad     0x102d src/ASF/sam/drivers/pmc/pmc.o
 .debug_info    0x000125da       0xb9 src/ASF/sam/utils/cmsis/sam3x/source/templates/exceptions.o
 .debug_info    0x00012693      0x36d src/ASF/sam/utils/cmsis/sam3x/source/templates/gcc/startup_sam3x.o
 .debug_info    0x00012a00      0x476 src/ASF/sam/utils/cmsis/sam3x/source/templates/system_sam3x.o
 .debug_info    0x00012e76      0x43f src/ASF/sam/utils/syscalls/gcc/syscalls.o
 .debug_info    0x000132b5     0x146b src/main.o

.debug_abbrev   0x00000000     0x37ef
 .debug_abbrev  0x00000000      0x24f src/FuncADC.o
 .debug_abbrev  0x0000024f      0x101 src/ASF/common/utils/stdio/read.o
 .debug_abbrev  0x00000350      0x226 src/ASF/sam/drivers/adc/adc.o
 .debug_abbrev  0x00000576      0x38b src/SerialUART.o
 .debug_abbrev  0x00000901      0x26f src/FuncPWM.o
 .debug_abbrev  0x00000b70      0x2dd src/TaskModulate.o
 .debug_abbrev  0x00000e4d      0x282 src/TaskSendToMatlab.o
 .debug_abbrev  0x000010cf       0xfb src/ASF/thirdparty/freertos/freertos-7.3.0/source/list.o
 .debug_abbrev  0x000011ca      0x246 src/ASF/thirdparty/freertos/freertos-7.3.0/source/portable/gcc/sam/port.o
 .debug_abbrev  0x00001410      0x220 src/ASF/thirdparty/freertos/freertos-7.3.0/source/portable/memmang/heap_4.o
 .debug_abbrev  0x00001630      0x288 src/ASF/thirdparty/freertos/freertos-7.3.0/source/queue.o
 .debug_abbrev  0x000018b8      0x2e0 src/ASF/thirdparty/freertos/freertos-7.3.0/source/tasks.o
 .debug_abbrev  0x00001b98      0x261 src/ASF/thirdparty/freertos/freertos-7.3.0/source/timers.o
 .debug_abbrev  0x00001df9       0xf5 src/ASF/common/utils/stdio/write.o
 .debug_abbrev  0x00001eee      0x231 src/ASF/sam/drivers/pwm/pwm.o
 .debug_abbrev  0x0000211f      0x1bd src/ASF/sam/drivers/uart/uart.o
 .debug_abbrev  0x000022dc      0x2da src/ASF/sam/drivers/usart/usart.o
 .debug_abbrev  0x000025b6      0x227 src/ASF/common/services/clock/sam3x/sysclk.o
 .debug_abbrev  0x000027dd      0x16d src/ASF/sam/boards/arduino_due_x/init.o
 .debug_abbrev  0x0000294a      0x2d5 src/ASF/sam/drivers/pio/pio.o
 .debug_abbrev  0x00002c1f      0x257 src/ASF/sam/drivers/pio/pio_handler.o
 .debug_abbrev  0x00002e76      0x268 src/ASF/sam/drivers/pmc/pmc.o
 .debug_abbrev  0x000030de       0x6c src/ASF/sam/utils/cmsis/sam3x/source/templates/exceptions.o
 .debug_abbrev  0x0000314a      0x109 src/ASF/sam/utils/cmsis/sam3x/source/templates/gcc/startup_sam3x.o
 .debug_abbrev  0x00003253       0xf5 src/ASF/sam/utils/cmsis/sam3x/source/templates/system_sam3x.o
 .debug_abbrev  0x00003348      0x14e src/ASF/sam/utils/syscalls/gcc/syscalls.o
 .debug_abbrev  0x00003496      0x359 src/main.o

.debug_loc      0x00000000     0x8dc7
 .debug_loc     0x00000000       0x40 src/FuncADC.o
 .debug_loc     0x00000040       0xc5 src/ASF/common/utils/stdio/read.o
 .debug_loc     0x00000105      0x980 src/ASF/sam/drivers/adc/adc.o
 .debug_loc     0x00000a85      0x2e3 src/SerialUART.o
 .debug_loc     0x00000d68       0x98 src/FuncPWM.o
 .debug_loc     0x00000e00      0x442 src/TaskModulate.o
 .debug_loc     0x00001242      0x16b src/TaskSendToMatlab.o
 .debug_loc     0x000013ad       0x85 src/ASF/thirdparty/freertos/freertos-7.3.0/source/list.o
 .debug_loc     0x00001432      0x100 src/ASF/thirdparty/freertos/freertos-7.3.0/source/portable/gcc/sam/port.o
 .debug_loc     0x00001532      0x371 src/ASF/thirdparty/freertos/freertos-7.3.0/source/portable/memmang/heap_4.o
 .debug_loc     0x000018a3     0x1190 src/ASF/thirdparty/freertos/freertos-7.3.0/source/queue.o
 .debug_loc     0x00002a33     0x1578 src/ASF/thirdparty/freertos/freertos-7.3.0/source/tasks.o
 .debug_loc     0x00003fab      0x9be src/ASF/thirdparty/freertos/freertos-7.3.0/source/timers.o
 .debug_loc     0x00004969      0x161 src/ASF/common/utils/stdio/write.o
 .debug_loc     0x00004aca      0xd48 src/ASF/sam/drivers/pwm/pwm.o
 .debug_loc     0x00005812      0x236 src/ASF/sam/drivers/uart/uart.o
 .debug_loc     0x00005a48     0x128d src/ASF/sam/drivers/usart/usart.o
 .debug_loc     0x00006cd5      0x12d src/ASF/common/services/clock/sam3x/sysclk.o
 .debug_loc     0x00006e02       0x20 src/ASF/sam/boards/arduino_due_x/init.o
 .debug_loc     0x00006e22      0xa62 src/ASF/sam/drivers/pio/pio.o
 .debug_loc     0x00007884      0x53d src/ASF/sam/drivers/pio/pio_handler.o
 .debug_loc     0x00007dc1      0xbd2 src/ASF/sam/drivers/pmc/pmc.o
 .debug_loc     0x00008993       0x7e src/ASF/sam/utils/cmsis/sam3x/source/templates/gcc/startup_sam3x.o
 .debug_loc     0x00008a11      0x12b src/ASF/sam/utils/syscalls/gcc/syscalls.o
 .debug_loc     0x00008b3c      0x28b src/main.o

.debug_aranges  0x00000000     0x1008
 .debug_aranges
                0x00000000       0x28 src/FuncADC.o
 .debug_aranges
                0x00000028       0x20 src/ASF/common/utils/stdio/read.o
 .debug_aranges
                0x00000048      0x178 src/ASF/sam/drivers/adc/adc.o
 .debug_aranges
                0x000001c0       0x48 src/SerialUART.o
 .debug_aranges
                0x00000208       0x30 src/FuncPWM.o
 .debug_aranges
                0x00000238       0x30 src/TaskModulate.o
 .debug_aranges
                0x00000268       0x40 src/TaskSendToMatlab.o
 .debug_aranges
                0x000002a8       0x40 src/ASF/thirdparty/freertos/freertos-7.3.0/source/list.o
 .debug_aranges
                0x000002e8       0x80 src/ASF/thirdparty/freertos/freertos-7.3.0/source/portable/gcc/sam/port.o
 .debug_aranges
                0x00000368       0x40 src/ASF/thirdparty/freertos/freertos-7.3.0/source/portable/memmang/heap_4.o
 .debug_aranges
                0x000003a8       0xd0 src/ASF/thirdparty/freertos/freertos-7.3.0/source/queue.o
 .debug_aranges
                0x00000478      0x130 src/ASF/thirdparty/freertos/freertos-7.3.0/source/tasks.o
 .debug_aranges
                0x000005a8       0x60 src/ASF/thirdparty/freertos/freertos-7.3.0/source/timers.o
 .debug_aranges
                0x00000608       0x20 src/ASF/common/utils/stdio/write.o
 .debug_aranges
                0x00000628      0x158 src/ASF/sam/drivers/pwm/pwm.o
 .debug_aranges
                0x00000780       0xe8 src/ASF/sam/drivers/uart/uart.o
 .debug_aranges
                0x00000868      0x2a8 src/ASF/sam/drivers/usart/usart.o
 .debug_aranges
                0x00000b10       0x40 src/ASF/common/services/clock/sam3x/sysclk.o
 .debug_aranges
                0x00000b50       0x20 src/ASF/sam/boards/arduino_due_x/init.o
 .debug_aranges
                0x00000b70      0x148 src/ASF/sam/drivers/pio/pio.o
 .debug_aranges
                0x00000cb8       0x58 src/ASF/sam/drivers/pio/pio_handler.o
 .debug_aranges
                0x00000d10      0x1f8 src/ASF/sam/drivers/pmc/pmc.o
 .debug_aranges
                0x00000f08       0x20 src/ASF/sam/utils/cmsis/sam3x/source/templates/exceptions.o
 .debug_aranges
                0x00000f28       0x20 src/ASF/sam/utils/cmsis/sam3x/source/templates/gcc/startup_sam3x.o
 .debug_aranges
                0x00000f48       0x30 src/ASF/sam/utils/cmsis/sam3x/source/templates/system_sam3x.o
 .debug_aranges
                0x00000f78       0x60 src/ASF/sam/utils/syscalls/gcc/syscalls.o
 .debug_aranges
                0x00000fd8       0x30 src/main.o

.debug_ranges   0x00000000      0xf30
 .debug_ranges  0x00000000       0x18 src/FuncADC.o
 .debug_ranges  0x00000018       0x10 src/ASF/common/utils/stdio/read.o
 .debug_ranges  0x00000028      0x168 src/ASF/sam/drivers/adc/adc.o
 .debug_ranges  0x00000190       0x38 src/SerialUART.o
 .debug_ranges  0x000001c8       0x20 src/FuncPWM.o
 .debug_ranges  0x000001e8       0x40 src/TaskModulate.o
 .debug_ranges  0x00000228       0x30 src/TaskSendToMatlab.o
 .debug_ranges  0x00000258       0x30 src/ASF/thirdparty/freertos/freertos-7.3.0/source/list.o
 .debug_ranges  0x00000288       0x70 src/ASF/thirdparty/freertos/freertos-7.3.0/source/portable/gcc/sam/port.o
 .debug_ranges  0x000002f8       0x30 src/ASF/thirdparty/freertos/freertos-7.3.0/source/portable/memmang/heap_4.o
 .debug_ranges  0x00000328       0xd8 src/ASF/thirdparty/freertos/freertos-7.3.0/source/queue.o
 .debug_ranges  0x00000400      0x168 src/ASF/thirdparty/freertos/freertos-7.3.0/source/tasks.o
 .debug_ranges  0x00000568       0xa8 src/ASF/thirdparty/freertos/freertos-7.3.0/source/timers.o
 .debug_ranges  0x00000610       0x10 src/ASF/common/utils/stdio/write.o
 .debug_ranges  0x00000620      0x148 src/ASF/sam/drivers/pwm/pwm.o
 .debug_ranges  0x00000768       0xd8 src/ASF/sam/drivers/uart/uart.o
 .debug_ranges  0x00000840      0x298 src/ASF/sam/drivers/usart/usart.o
 .debug_ranges  0x00000ad8       0x30 src/ASF/common/services/clock/sam3x/sysclk.o
 .debug_ranges  0x00000b08       0x10 src/ASF/sam/boards/arduino_due_x/init.o
 .debug_ranges  0x00000b18      0x138 src/ASF/sam/drivers/pio/pio.o
 .debug_ranges  0x00000c50       0x48 src/ASF/sam/drivers/pio/pio_handler.o
 .debug_ranges  0x00000c98      0x1e8 src/ASF/sam/drivers/pmc/pmc.o
 .debug_ranges  0x00000e80       0x10 src/ASF/sam/utils/cmsis/sam3x/source/templates/exceptions.o
 .debug_ranges  0x00000e90       0x10 src/ASF/sam/utils/cmsis/sam3x/source/templates/gcc/startup_sam3x.o
 .debug_ranges  0x00000ea0       0x20 src/ASF/sam/utils/cmsis/sam3x/source/templates/system_sam3x.o
 .debug_ranges  0x00000ec0       0x50 src/ASF/sam/utils/syscalls/gcc/syscalls.o
 .debug_ranges  0x00000f10       0x20 src/main.o

.debug_macro    0x00000000    0x1a1e7
 .debug_macro   0x00000000      0x6c5 src/FuncADC.o
 .debug_macro   0x000006c5      0x87a src/FuncADC.o
 .debug_macro   0x00000f3f      0x166 src/FuncADC.o
 .debug_macro   0x000010a5      0x4ae src/FuncADC.o
 .debug_macro   0x00001553       0x76 src/FuncADC.o
 .debug_macro   0x000015c9       0x16 src/FuncADC.o
 .debug_macro   0x000015df      0x6e1 src/FuncADC.o
 .debug_macro   0x00001cc0       0x16 src/FuncADC.o
 .debug_macro   0x00001cd6       0x44 src/FuncADC.o
 .debug_macro   0x00001d1a      0x209 src/FuncADC.o
 .debug_macro   0x00001f23       0x20 src/FuncADC.o
 .debug_macro   0x00001f43       0x3a src/FuncADC.o
 .debug_macro   0x00001f7d       0x18 src/FuncADC.o
 .debug_macro   0x00001f95      0xb08 src/FuncADC.o
 .debug_macro   0x00002a9d      0xab3 src/FuncADC.o
 .debug_macro   0x00003550      0x566 src/FuncADC.o
 .debug_macro   0x00003ab6      0x2b2 src/FuncADC.o
 .debug_macro   0x00003d68      0x317 src/FuncADC.o
 .debug_macro   0x0000407f      0x74c src/FuncADC.o
 .debug_macro   0x000047cb       0x82 src/FuncADC.o
 .debug_macro   0x0000484d      0x578 src/FuncADC.o
 .debug_macro   0x00004dc5       0x1c src/FuncADC.o
 .debug_macro   0x00004de1      0x6b5 src/FuncADC.o
 .debug_macro   0x00005496      0x52a src/FuncADC.o
 .debug_macro   0x000059c0       0xbe src/FuncADC.o
 .debug_macro   0x00005a7e     0x233f src/FuncADC.o
 .debug_macro   0x00007dbd      0x85a src/FuncADC.o
 .debug_macro   0x00008617      0xdc6 src/FuncADC.o
 .debug_macro   0x000093dd       0x7c src/FuncADC.o
 .debug_macro   0x00009459      0x261 src/FuncADC.o
 .debug_macro   0x000096ba       0x58 src/FuncADC.o
 .debug_macro   0x00009712      0x9a5 src/FuncADC.o
 .debug_macro   0x0000a0b7      0x246 src/FuncADC.o
 .debug_macro   0x0000a2fd      0x4dc src/FuncADC.o
 .debug_macro   0x0000a7d9      0x6b0 src/FuncADC.o
 .debug_macro   0x0000ae89      0x59c src/FuncADC.o
 .debug_macro   0x0000b425       0x46 src/FuncADC.o
 .debug_macro   0x0000b46b      0x34a src/FuncADC.o
 .debug_macro   0x0000b7b5      0x289 src/FuncADC.o
 .debug_macro   0x0000ba3e     0x14d7 src/FuncADC.o
 .debug_macro   0x0000cf15      0x7b7 src/FuncADC.o
 .debug_macro   0x0000d6cc       0x76 src/FuncADC.o
 .debug_macro   0x0000d742       0x82 src/FuncADC.o
 .debug_macro   0x0000d7c4       0x76 src/FuncADC.o
 .debug_macro   0x0000d83a       0x4c src/FuncADC.o
 .debug_macro   0x0000d886      0x102 src/FuncADC.o
 .debug_macro   0x0000d988      0x102 src/FuncADC.o
 .debug_macro   0x0000da8a      0x102 src/FuncADC.o
 .debug_macro   0x0000db8c       0x88 src/FuncADC.o
 .debug_macro   0x0000dc14       0x88 src/FuncADC.o
 .debug_macro   0x0000dc9c      0x3b4 src/FuncADC.o
 .debug_macro   0x0000e050       0xb8 src/FuncADC.o
 .debug_macro   0x0000e108       0xb8 src/FuncADC.o
 .debug_macro   0x0000e1c0       0xb8 src/FuncADC.o
 .debug_macro   0x0000e278       0xb8 src/FuncADC.o
 .debug_macro   0x0000e330      0x2b8 src/FuncADC.o
 .debug_macro   0x0000e5e8      0x122 src/FuncADC.o
 .debug_macro   0x0000e70a      0x222 src/FuncADC.o
 .debug_macro   0x0000e92c      0x222 src/FuncADC.o
 .debug_macro   0x0000eb4e       0x2e src/FuncADC.o
 .debug_macro   0x0000eb7c       0xac src/FuncADC.o
 .debug_macro   0x0000ec28      0x14a src/FuncADC.o
 .debug_macro   0x0000ed72       0x7c src/FuncADC.o
 .debug_macro   0x0000edee      0x202 src/FuncADC.o
 .debug_macro   0x0000eff0       0x64 src/FuncADC.o
 .debug_macro   0x0000f054       0xa6 src/FuncADC.o
 .debug_macro   0x0000f0fa       0x7c src/FuncADC.o
 .debug_macro   0x0000f176       0x16 src/FuncADC.o
 .debug_macro   0x0000f18c       0x22 src/FuncADC.o
 .debug_macro   0x0000f1ae       0x22 src/FuncADC.o
 .debug_macro   0x0000f1d0      0x112 src/FuncADC.o
 .debug_macro   0x0000f2e2      0x112 src/FuncADC.o
 .debug_macro   0x0000f3f4      0x112 src/FuncADC.o
 .debug_macro   0x0000f506      0x112 src/FuncADC.o
 .debug_macro   0x0000f618       0x1c src/FuncADC.o
 .debug_macro   0x0000f634       0x2e src/FuncADC.o
 .debug_macro   0x0000f662       0x22 src/FuncADC.o
 .debug_macro   0x0000f684       0x1c src/FuncADC.o
 .debug_macro   0x0000f6a0       0x58 src/FuncADC.o
 .debug_macro   0x0000f6f8       0x10 src/FuncADC.o
 .debug_macro   0x0000f708      0x273 src/FuncADC.o
 .debug_macro   0x0000f97b      0xd40 src/FuncADC.o
 .debug_macro   0x000106bb      0x131 src/FuncADC.o
 .debug_macro   0x000107ec       0x58 src/FuncADC.o
 .debug_macro   0x00010844       0x35 src/FuncADC.o
 .debug_macro   0x00010879       0xa3 src/FuncADC.o
 .debug_macro   0x0001091c       0x16 src/FuncADC.o
 .debug_macro   0x00010932       0x35 src/FuncADC.o
 .debug_macro   0x00010967       0x10 src/FuncADC.o
 .debug_macro   0x00010977       0x52 src/FuncADC.o
 .debug_macro   0x000109c9       0x16 src/FuncADC.o
 .debug_macro   0x000109df       0x43 src/FuncADC.o
 .debug_macro   0x00010a22      0x180 src/FuncADC.o
 .debug_macro   0x00010ba2       0x10 src/FuncADC.o
 .debug_macro   0x00010bb2       0x22 src/FuncADC.o
 .debug_macro   0x00010bd4       0xbd src/FuncADC.o
 .debug_macro   0x00010c91       0x16 src/FuncADC.o
 .debug_macro   0x00010ca7      0x16c src/FuncADC.o
 .debug_macro   0x00010e13       0x22 src/FuncADC.o
 .debug_macro   0x00010e35       0x16 src/FuncADC.o
 .debug_macro   0x00010e4b       0x16 src/FuncADC.o